Archive member included to satisfy reference by file (symbol)

C:/ST/STM32CubeIDE_1.18.0/STM32CubeIDE/plugins/com.st.stm32cube.ide.mcu.externaltools.gnu-tools-for-stm32.13.3.rel1.win32_1.0.0.202411081344/tools/bin/../lib/gcc/arm-none-eabi/13.3.1/../../../../arm-none-eabi/lib/thumb/v7-m/nofp\libc_nano.a(libc_a-exit.o)
                              C:/ST/STM32CubeIDE_1.18.0/STM32CubeIDE/plugins/com.st.stm32cube.ide.mcu.externaltools.gnu-tools-for-stm32.13.3.rel1.win32_1.0.0.202411081344/tools/bin/../lib/gcc/arm-none-eabi/13.3.1/../../../../arm-none-eabi/lib/thumb/v7-m/nofp/rdimon-crt0.o (exit)
C:/ST/STM32CubeIDE_1.18.0/STM32CubeIDE/plugins/com.st.stm32cube.ide.mcu.externaltools.gnu-tools-for-stm32.13.3.rel1.win32_1.0.0.202411081344/tools/bin/../lib/gcc/arm-none-eabi/13.3.1/../../../../arm-none-eabi/lib/thumb/v7-m/nofp\libc_nano.a(libc_a-findfp.o)
                              C:/ST/STM32CubeIDE_1.18.0/STM32CubeIDE/plugins/com.st.stm32cube.ide.mcu.externaltools.gnu-tools-for-stm32.13.3.rel1.win32_1.0.0.202411081344/tools/bin/../lib/gcc/arm-none-eabi/13.3.1/../../../../arm-none-eabi/lib/thumb/v7-m/nofp\libc_nano.a(libc_a-exit.o) (__stdio_exit_handler)
C:/ST/STM32CubeIDE_1.18.0/STM32CubeIDE/plugins/com.st.stm32cube.ide.mcu.externaltools.gnu-tools-for-stm32.13.3.rel1.win32_1.0.0.202411081344/tools/bin/../lib/gcc/arm-none-eabi/13.3.1/../../../../arm-none-eabi/lib/thumb/v7-m/nofp\libc_nano.a(libc_a-fwalk.o)
                              C:/ST/STM32CubeIDE_1.18.0/STM32CubeIDE/plugins/com.st.stm32cube.ide.mcu.externaltools.gnu-tools-for-stm32.13.3.rel1.win32_1.0.0.202411081344/tools/bin/../lib/gcc/arm-none-eabi/13.3.1/../../../../arm-none-eabi/lib/thumb/v7-m/nofp\libc_nano.a(libc_a-findfp.o) (_fwalk_sglue)
C:/ST/STM32CubeIDE_1.18.0/STM32CubeIDE/plugins/com.st.stm32cube.ide.mcu.externaltools.gnu-tools-for-stm32.13.3.rel1.win32_1.0.0.202411081344/tools/bin/../lib/gcc/arm-none-eabi/13.3.1/../../../../arm-none-eabi/lib/thumb/v7-m/nofp\libc_nano.a(libc_a-stdio.o)
                              C:/ST/STM32CubeIDE_1.18.0/STM32CubeIDE/plugins/com.st.stm32cube.ide.mcu.externaltools.gnu-tools-for-stm32.13.3.rel1.win32_1.0.0.202411081344/tools/bin/../lib/gcc/arm-none-eabi/13.3.1/../../../../arm-none-eabi/lib/thumb/v7-m/nofp\libc_nano.a(libc_a-findfp.o) (__sread)
C:/ST/STM32CubeIDE_1.18.0/STM32CubeIDE/plugins/com.st.stm32cube.ide.mcu.externaltools.gnu-tools-for-stm32.13.3.rel1.win32_1.0.0.202411081344/tools/bin/../lib/gcc/arm-none-eabi/13.3.1/../../../../arm-none-eabi/lib/thumb/v7-m/nofp\libc_nano.a(libc_a-memset.o)
                              C:/ST/STM32CubeIDE_1.18.0/STM32CubeIDE/plugins/com.st.stm32cube.ide.mcu.externaltools.gnu-tools-for-stm32.13.3.rel1.win32_1.0.0.202411081344/tools/bin/../lib/gcc/arm-none-eabi/13.3.1/../../../../arm-none-eabi/lib/thumb/v7-m/nofp/rdimon-crt0.o (memset)
C:/ST/STM32CubeIDE_1.18.0/STM32CubeIDE/plugins/com.st.stm32cube.ide.mcu.externaltools.gnu-tools-for-stm32.13.3.rel1.win32_1.0.0.202411081344/tools/bin/../lib/gcc/arm-none-eabi/13.3.1/../../../../arm-none-eabi/lib/thumb/v7-m/nofp\libc_nano.a(libc_a-strcat.o)
                              ./Core/Src/main.o (strcat)
C:/ST/STM32CubeIDE_1.18.0/STM32CubeIDE/plugins/com.st.stm32cube.ide.mcu.externaltools.gnu-tools-for-stm32.13.3.rel1.win32_1.0.0.202411081344/tools/bin/../lib/gcc/arm-none-eabi/13.3.1/../../../../arm-none-eabi/lib/thumb/v7-m/nofp\libc_nano.a(libc_a-closer.o)
                              C:/ST/STM32CubeIDE_1.18.0/STM32CubeIDE/plugins/com.st.stm32cube.ide.mcu.externaltools.gnu-tools-for-stm32.13.3.rel1.win32_1.0.0.202411081344/tools/bin/../lib/gcc/arm-none-eabi/13.3.1/../../../../arm-none-eabi/lib/thumb/v7-m/nofp\libc_nano.a(libc_a-stdio.o) (_close_r)
C:/ST/STM32CubeIDE_1.18.0/STM32CubeIDE/plugins/com.st.stm32cube.ide.mcu.externaltools.gnu-tools-for-stm32.13.3.rel1.win32_1.0.0.202411081344/tools/bin/../lib/gcc/arm-none-eabi/13.3.1/../../../../arm-none-eabi/lib/thumb/v7-m/nofp\libc_nano.a(libc_a-reent.o)
                              C:/ST/STM32CubeIDE_1.18.0/STM32CubeIDE/plugins/com.st.stm32cube.ide.mcu.externaltools.gnu-tools-for-stm32.13.3.rel1.win32_1.0.0.202411081344/tools/bin/../lib/gcc/arm-none-eabi/13.3.1/../../../../arm-none-eabi/lib/thumb/v7-m/nofp\libc_nano.a(libc_a-closer.o) (errno)
C:/ST/STM32CubeIDE_1.18.0/STM32CubeIDE/plugins/com.st.stm32cube.ide.mcu.externaltools.gnu-tools-for-stm32.13.3.rel1.win32_1.0.0.202411081344/tools/bin/../lib/gcc/arm-none-eabi/13.3.1/../../../../arm-none-eabi/lib/thumb/v7-m/nofp\libc_nano.a(libc_a-impure.o)
                              C:/ST/STM32CubeIDE_1.18.0/STM32CubeIDE/plugins/com.st.stm32cube.ide.mcu.externaltools.gnu-tools-for-stm32.13.3.rel1.win32_1.0.0.202411081344/tools/bin/../lib/gcc/arm-none-eabi/13.3.1/../../../../arm-none-eabi/lib/thumb/v7-m/nofp\libc_nano.a(libc_a-reent.o) (_impure_ptr)
[...]
Memory Configuration

Name             Origin             Length             Attributes
RAM              0x20000000         0x00014000         xrw
FLASH            0x08000000         0x00080000         xr
*default*        0x00000000         0xffffffff

Linker script and memory map

LOAD C:/ST/STM32CubeIDE_1.18.0/STM32CubeIDE/plugins/com.st.stm32cube.ide.mcu.externaltools.gnu-tools-for-stm32.13.3.rel1.win32_1.0.0.202411081344/tools/bin/../lib/gcc/arm-none-eabi/13.3.1/thumb/v7-m/nofp/crti.o
LOAD C:/ST/STM32CubeIDE_1.18.0/STM32CubeIDE/plugins/com.st.stm32cube.ide.mcu.externaltools.gnu-tools-for-stm32.13.3.rel1.win32_1.0.0.202411081344/tools/bin/../lib/gcc/arm-none-eabi/13.3.1/thumb/v7-m/nofp/crtbegin.o
LOAD C:/ST/STM32CubeIDE_1.18.0/STM32CubeIDE/plugins/com.st.stm32cube.ide.mcu.externaltools.gnu-tools-for-stm32.13.3.rel1.win32_1.0.0.202411081344/tools/bin/../lib/gcc/arm-none-eabi/13.3.1/../../../../arm-none-eabi/lib/thumb/v7-m/nofp/rdimon-crt0.o
LOAD ./Core/Src/dht22.o
LOAD ./Core/Src/freertos.o
LOAD ./Core/Src/main.o
LOAD ./Core/Src/stm32l1xx_hal_msp.o
LOAD ./Core/Src/stm32l1xx_hal_timebase_tim.o
LOAD ./Core/Src/stm32l1xx_it.o
LOAD ./Core/Src/sysmem.o
LOAD ./Core/Src/system_stm32l1xx.o
LOAD ./Core/Startup/startup_stm32l152retx.o
LOAD ./Drivers/STM32L1xx_HAL_Driver/Src/stm32l1xx_hal.o
LOAD ./Drivers/STM32L1xx_HAL_Driver/Src/stm32l1xx_hal_adc.o
LOAD ./Drivers/STM32L1xx_HAL_Driver/Src/stm32l1xx_hal_adc_ex.o
LOAD ./Drivers/STM32L1xx_HAL_Driver/Src/stm32l1xx_hal_cortex.o
LOAD ./Drivers/STM32L1xx_HAL_Driver/Src/stm32l1xx_hal_dma.o
LOAD ./Drivers/STM32L1xx_HAL_Driver/Src/stm32l1xx_hal_exti.o
LOAD ./Drivers/STM32L1xx_HAL_Driver/Src/stm32l1xx_hal_flash.o
LOAD ./Drivers/STM32L1xx_HAL_Driver/Src/stm32l1xx_hal_flash_ex.o
LOAD ./Drivers/STM32L1xx_HAL_Driver/Src/stm32l1xx_hal_flash_ramfunc.o
LOAD ./Drivers/STM32L1xx_HAL_Driver/Src/stm32l1xx_hal_gpio.o
LOAD ./Drivers/STM32L1xx_HAL_Driver/Src/stm32l1xx_hal_pwr.o
LOAD ./Drivers/STM32L1xx_HAL_Driver/Src/stm32l1xx_hal_pwr_ex.o
LOAD ./Drivers/STM32L1xx_HAL_Driver/Src/stm32l1xx_hal_rcc.o
LOAD ./Drivers/STM32L1xx_HAL_Driver/Src/stm32l1xx_hal_rcc_ex.o
LOAD ./Drivers/STM32L1xx_HAL_Driver/Src/stm32l1xx_hal_tim.o
LOAD ./Drivers/STM32L1xx_HAL_Driver/Src/stm32l1xx_hal_tim_ex.o
LOAD ./Drivers/STM32L1xx_HAL_Driver/Src/stm32l1xx_hal_uart.o
LOAD ./Middlewares/Third_Party/FreeRTOS/Source/CMSIS_RTOS/cmsis_os.o
LOAD ./Middlewares/Third_Party/FreeRTOS/Source/croutine.o
LOAD ./Middlewares/Third_Party/FreeRTOS/Source/event_groups.o
LOAD ./Middlewares/Third_Party/FreeRTOS/Source/list.o
LOAD ./Middlewares/Third_Party/FreeRTOS/Source/queue.o
LOAD ./Middlewares/Third_Party/FreeRTOS/Source/stream_buffer.o
LOAD ./Middlewares/Third_Party/FreeRTOS/Source/tasks.o
LOAD ./Middlewares/Third_Party/FreeRTOS/Source/timers.o
LOAD ./Middlewares/Third_Party/FreeRTOS/Source/portable/GCC/ARM_CM3/port.o
LOAD ./Middlewares/Third_Party/FreeRTOS/Source/portable/MemMang/heap_4.o
LOAD C:/ST/STM32CubeIDE_1.18.0/STM32CubeIDE/plugins/com.st.stm32cube.ide.mcu.externaltools.gnu-tools-for-stm32.13.3.rel1.win32_1.0.0.202411081344/tools/bin/../lib/gcc/arm-none-eabi/13.3.1/../../../../arm-none-eabi/lib/thumb/v7-m/nofp\libc_nano.a
LOAD C:/ST/STM32CubeIDE_1.18.0/STM32CubeIDE/plugins/com.st.stm32cube.ide.mcu.externaltools.gnu-tools-for-stm32.13.3.rel1.win32_1.0.0.202411081344/tools/bin/../lib/gcc/arm-none-eabi/13.3.1/../../../../arm-none-eabi/lib/thumb/v7-m/nofp\librdimon_nano.a
START GROUP
LOAD C:/ST/STM32CubeIDE_1.18.0/STM32CubeIDE/plugins/com.st.stm32cube.ide.mcu.externaltools.gnu-tools-for-stm32.13.3.rel1.win32_1.0.0.202411081344/tools/bin/../lib/gcc/arm-none-eabi/13.3.1/../../../../arm-none-eabi/lib/thumb/v7-m/nofp\libc_nano.a
LOAD C:/ST/STM32CubeIDE_1.18.0/STM32CubeIDE/plugins/com.st.stm32cube.ide.mcu.externaltools.gnu-tools-for-stm32.13.3.rel1.win32_1.0.0.202411081344/tools/bin/../lib/gcc/arm-none-eabi/13.3.1/../../../../arm-none-eabi/lib/thumb/v7-m/nofp\libm.a
END GROUP
START GROUP
LOAD C:/ST/STM32CubeIDE_1.18.0/STM32CubeIDE/plugins/com.st.stm32cube.ide.mcu.externaltools.gnu-tools-for-stm32.13.3.rel1.win32_1.0.0.202411081344/tools/bin/../lib/gcc/arm-none-eabi/13.3.1/thumb/v7-m/nofp\libgcc.a
LOAD C:/ST/STM32CubeIDE_1.18.0/STM32CubeIDE/plugins/com.st.stm32cube.ide.mcu.externaltools.gnu-tools-for-stm32.13.3.rel1.win32_1.0.0.202411081344/tools/bin/../lib/gcc/arm-none-eabi/13.3.1/../../../../arm-none-eabi/lib/thumb/v7-m/nofp\libc_nano.a
END GROUP
START GROUP
LOAD C:/ST/STM32CubeIDE_1.18.0/STM32CubeIDE/plugins/com.st.stm32cube.ide.mcu.externaltools.gnu-tools-for-stm32.13.3.rel1.win32_1.0.0.202411081344/tools/bin/../lib/gcc/arm-none-eabi/13.3.1/thumb/v7-m/nofp\libgcc.a
LOAD C:/ST/STM32CubeIDE_1.18.0/STM32CubeIDE/plugins/com.st.stm32cube.ide.mcu.externaltools.gnu-tools-for-stm32.13.3.rel1.win32_1.0.0.202411081344/tools/bin/../lib/gcc/arm-none-eabi/13.3.1/../../../../arm-none-eabi/lib/thumb/v7-m/nofp\libc_nano.a
LOAD C:/ST/STM32CubeIDE_1.18.0/STM32CubeIDE/plugins/com.st.stm32cube.ide.mcu.externaltools.gnu-tools-for-stm32.13.3.rel1.win32_1.0.0.202411081344/tools/bin/../lib/gcc/arm-none-eabi/13.3.1/../../../../arm-none-eabi/lib/thumb/v7-m/nofp\libnosys.a
END GROUP
START GROUP
LOAD C:/ST/STM32CubeIDE_1.18.0/STM32CubeIDE/plugins/com.st.stm32cube.ide.mcu.externaltools.gnu-tools-for-stm32.13.3.rel1.win32_1.0.0.202411081344/tools/bin/../lib/gcc/arm-none-eabi/13.3.1/thumb/v7-m/nofp\libgcc.a
LOAD C:/ST/STM32CubeIDE_1.18.0/STM32CubeIDE/plugins/com.st.stm32cube.ide.mcu.externaltools.gnu-tools-for-stm32.13.3.rel1.win32_1.0.0.202411081344/tools/bin/../lib/gcc/arm-none-eabi/13.3.1/../../../../arm-none-eabi/lib/thumb/v7-m/nofp\libc_nano.a
LOAD C:/ST/STM32CubeIDE_1.18.0/STM32CubeIDE/plugins/com.st.stm32cube.ide.mcu.externaltools.gnu-tools-for-stm32.13.3.rel1.win32_1.0.0.202411081344/tools/bin/../lib/gcc/arm-none-eabi/13.3.1/../../../../arm-none-eabi/lib/thumb/v7-m/nofp\librdimon_nano.a
END GROUP
START GROUP
LOAD C:/ST/STM32CubeIDE_1.18.0/STM32CubeIDE/plugins/com.st.stm32cube.ide.mcu.externaltools.gnu-tools-for-stm32.13.3.rel1.win32_1.0.0.202411081344/tools/bin/../lib/gcc/arm-none-eabi/13.3.1/thumb/v7-m/nofp\libgcc.a
LOAD C:/ST/STM32CubeIDE_1.18.0/STM32CubeIDE/plugins/com.st.stm32cube.ide.mcu.externaltools.gnu-tools-for-stm32.13.3.rel1.win32_1.0.0.202411081344/tools/bin/../lib/gcc/arm-none-eabi/13.3.1/../../../../arm-none-eabi/lib/thumb/v7-m/nofp\libc_nano.a
LOAD C:/ST/STM32CubeIDE_1.18.0/STM32CubeIDE/plugins/com.st.stm32cube.ide.mcu.externaltools.gnu-tools-for-stm32.13.3.rel1.win32_1.0.0.202411081344/tools/bin/../lib/gcc/arm-none-eabi/13.3.1/../../../../arm-none-eabi/lib/thumb/v7-m/nofp\librdimon_nano.a
LOAD C:/ST/STM32CubeIDE_1.18.0/STM32CubeIDE/plugins/com.st.stm32cube.ide.mcu.externaltools.gnu-tools-for-stm32.13.3.rel1.win32_1.0.0.202411081344/tools/bin/../lib/gcc/arm-none-eabi/13.3.1/../../../../arm-none-eabi/lib/thumb/v7-m/nofp\libnosys.a
END GROUP
LOAD C:/ST/STM32CubeIDE_1.18.0/STM32CubeIDE/plugins/com.st.stm32cube.ide.mcu.externaltools.gnu-tools-for-stm32.13.3.rel1.win32_1.0.0.202411081344/tools/bin/../lib/gcc/arm-none-eabi/13.3.1/thumb/v7-m/nofp/crtend.o
LOAD C:/ST/STM32CubeIDE_1.18.0/STM32CubeIDE/plugins/com.st.stm32cube.ide.mcu.externaltools.gnu-tools-for-stm32.13.3.rel1.win32_1.0.0.202411081344/tools/bin/../lib/gcc/arm-none-eabi/13.3.1/thumb/v7-m/nofp/crtn.o
                0x20014000                        _estack = (ORIGIN (RAM) + LENGTH (RAM))
                0x00000200                        _Min_Heap_Size = 0x200
                0x00000400                        _Min_Stack_Size = 0x400

.isr_vector     0x08000000      0x13c
                0x08000000                        . = ALIGN (0x4)
 *(.isr_vector)
 .isr_vector    0x08000000      0x13c ./Core/Startup/startup_stm32l152retx.o
                0x08000000                g_pfnVectors
                0x0800013c                        . = ALIGN (0x4)

.text           0x08000140     0x6b48
                0x08000140                        . = ALIGN (0x4)
 *(.text)
 .text          0x08000140       0x40 C:/ST/STM32CubeIDE_1.18.0/STM32CubeIDE/plugins/com.st.stm32cube.ide.mcu.externaltools.gnu-tools-for-stm32.13.3.rel1.win32_1.0.0.202411081344/tools/bin/../lib/gcc/arm-none-eabi/13.3.1/thumb/v7-m/nofp/crtbegin.o
 .text          0x08000180       0x10 C:/ST/STM32CubeIDE_1.18.0/STM32CubeIDE/plugins/com.st.stm32cube.ide.mcu.externaltools.gnu-tools-for-stm32.13.3.rel1.win32_1.0.0.202411081344/tools/bin/../lib/gcc/arm-none-eabi/13.3.1/../../../../arm-none-eabi/lib/thumb/v7-m/nofp\libc_nano.a(libc_a-strlen.o)
                0x08000180                strlen
 .text          0x08000190      0x21c C:/ST/STM32CubeIDE_1.18.0/STM32CubeIDE/plugins/com.st.stm32cube.ide.mcu.externaltools.gnu-tools-for-stm32.13.3.rel1.win32_1.0.0.202411081344/tools/bin/../lib/gcc/arm-none-eabi/13.3.1/thumb/v7-m/nofp\libgcc.a(_arm_addsubsf3.o)
                0x08000190                __aeabi_frsub
                0x08000198                __subsf3
                0x08000198                __aeabi_fsub
                0x0800019c                __aeabi_fadd
                0x0800019c                __addsf3
                0x080002fc                __aeabi_ui2f
                0x080002fc                __floatunsisf
                0x08000304                __aeabi_i2f
                0x08000304                __floatsisf
                0x08000320                __aeabi_ul2f
                0x08000320                __floatundisf
                0x08000330                __aeabi_l2f
                0x08000330                __floatdisf
 .text          0x080003ac      0x2a0 C:/ST/STM32CubeIDE_1.18.0/STM32CubeIDE/plugins/com.st.stm32cube.ide.mcu.externaltools.gnu-tools-for-stm32.13.3.rel1.win32_1.0.0.202411081344/tools/bin/../lib/gcc/arm-none-eabi/13.3.1/thumb/v7-m/nofp\libgcc.a(_arm_muldivsf3.o)
                0x080003ac                __mulsf3
                0x080003ac                __aeabi_fmul
                0x08000514                __aeabi_fdiv
                0x08000514                __divsf3
 .text          0x0800064c       0xec C:/ST/STM32CubeIDE_1.18.0/STM32CubeIDE/plugins/com.st.stm32cube.ide.mcu.externaltools.gnu-tools-for-stm32.13.3.rel1.win32_1.0.0.202411081344/tools/bin/../lib/gcc/arm-none-eabi/13.3.1/thumb/v7-m/nofp\libgcc.a(_arm_cmpsf2.o)
                0x0800064c                __gesf2
                0x0800064c                __gtsf2
                0x08000654                __lesf2
                0x08000654                __ltsf2
                0x0800065c                __nesf2
                0x0800065c                __eqsf2
                0x0800065c                __cmpsf2
                0x080006bc                __aeabi_cfrcmple
                0x080006c4                __aeabi_cfcmpeq
                0x080006c4                __aeabi_cfcmple
                0x080006d4                __aeabi_fcmpeq
                0x080006e8                __aeabi_fcmplt
                0x080006fc                __aeabi_fcmple
                0x08000710                __aeabi_fcmpge
                0x08000724                __aeabi_fcmpgt
 .text          0x08000738       0x4c C:/ST/STM32CubeIDE_1.18.0/STM32CubeIDE/plugins/com.st.stm32cube.ide.mcu.externaltools.gnu-tools-for-stm32.13.3.rel1.win32_1.0.0.202411081344/tools/bin/../lib/gcc/arm-none-eabi/13.3.1/thumb/v7-m/nofp\libgcc.a(_arm_fixsfsi.o)
                0x08000738                __aeabi_f2iz
                0x08000738                __fixsfsi
 .text          0x08000784       0x30 C:/ST/STM32CubeIDE_1.18.0/STM32CubeIDE/plugins/com.st.stm32cube.ide.mcu.externaltools.gnu-tools-for-stm32.13.3.rel1.win32_1.0.0.202411081344/tools/bin/../lib/gcc/arm-none-eabi/13.3.1/thumb/v7-m/nofp\libgcc.a(_aeabi_uldivmod.o)
                0x08000784                __aeabi_uldivmod
 .text          0x080007b4      0x300 C:/ST/STM32CubeIDE_1.18.0/STM32CubeIDE/plugins/com.st.stm32cube.ide.mcu.externaltools.gnu-tools-for-stm32.13.3.rel1.win32_1.0.0.202411081344/tools/bin/../lib/gcc/arm-none-eabi/13.3.1/thumb/v7-m/nofp\libgcc.a(_udivmoddi4.o)
                0x080007b4                __udivmoddi4
 .text          0x08000ab4        0x4 C:/ST/STM32CubeIDE_1.18.0/STM32CubeIDE/plugins/com.st.stm32cube.ide.mcu.externaltools.gnu-tools-for-stm32.13.3.rel1.win32_1.0.0.202411081344/tools/bin/../lib/gcc/arm-none-eabi/13.3.1/thumb/v7-m/nofp\libgcc.a(_dvmd_tls.o)
                0x08000ab4                __aeabi_idiv0
                0x08000ab4                __aeabi_ldiv0
 *(.text*)
 .text.byteToHex
                0x08000ab8       0x54 ./Core/Src/dht22.o
                0x08000ab8                byteToHex
 .text.DHT22_DelayUs
                0x08000b0c       0x48 ./Core/Src/dht22.o
                0x08000b0c                DHT22_DelayUs
 .text.DHT22_ReadData
                0x08000b54      0x2ec ./Core/Src/dht22.o
                0x08000b54                DHT22_ReadData
 .text.DHT22_SetPinOutput
                0x08000e40       0x40 ./Core/Src/dht22.o
 .text.DHT22_SetPinInput
                0x08000e80       0x3c ./Core/Src/dht22.o
 .text.DHT22_CheckResponse
                0x08000ebc       0x76 ./Core/Src/dht22.o
 *fill*         0x08000f32        0x2 
 .text.vApplicationGetIdleTaskMemory
                0x08000f34       0x30 ./Core/Src/freertos.o
                0x08000f34                vApplicationGetIdleTaskMemory
 .text.SystemClock_Config
                0x08000f64       0xbc ./Core/Src/main.o
                0x08000f64                SystemClock_Config
 .text.MX_GPIO_Init
                0x08001020       0xd0 ./Core/Src/main.o
 .text.MX_ADC_Init
                0x080010f0       0xa4 ./Core/Src/main.o
 .text.MX_USART2_UART_Init
                0x08001194       0x54 ./Core/Src/main.o
 .text.Error_Handler
                0x080011e8       0x28 ./Core/Src/main.o
                0x080011e8                Error_Handler
 .text.main     0x08001210      0x184 ./Core/Src/main.o
                0x08001210                main
 .text.SensorTask
                0x08001394      0x220 ./Core/Src/main.o
                0x08001394                SensorTask
 .text.AlarmeTask
                0x080015b4       0x94 ./Core/Src/main.o
                0x080015b4                AlarmeTask
 .text.floatToString
                0x08001648      0x180 ./Core/Src/main.o
                0x08001648                floatToString
 .text.LoggerTask
                0x080017c8      0x1bc ./Core/Src/main.o
                0x080017c8                LoggerTask
 .text.CLITask  0x08001984      0x30c ./Core/Src/main.o
                0x08001984                CLITask
 .text.StartDefaultTask
                0x08001c90        0xc ./Core/Src/main.o
                0x08001c90                StartDefaultTask
 .text.HAL_MspInit
                0x08001c9c       0x68 ./Core/Src/stm32l1xx_hal_msp.o
                0x08001c9c                HAL_MspInit
 .text.HAL_ADC_MspInit
                0x08001d04       0x80 ./Core/Src/stm32l1xx_hal_msp.o
                0x08001d04                HAL_ADC_MspInit
 .text.HAL_UART_MspInit
                0x08001d84       0x88 ./Core/Src/stm32l1xx_hal_msp.o
                0x08001d84                HAL_UART_MspInit
 .text.HAL_InitTick
                0x08001e0c       0xf4 ./Core/Src/stm32l1xx_hal_timebase_tim.o
                0x08001e0c                HAL_InitTick
 .text.NMI_Handler
                0x08001f00        0x8 ./Core/Src/stm32l1xx_it.o
                0x08001f00                NMI_Handler
 .text.HardFault_Handler
                0x08001f08        0x8 ./Core/Src/stm32l1xx_it.o
                0x08001f08                HardFault_Handler
 .text.MemManage_Handler
                0x08001f10        0x8 ./Core/Src/stm32l1xx_it.o
                0x08001f10                MemManage_Handler
 .text.BusFault_Handler
                0x08001f18        0x8 ./Core/Src/stm32l1xx_it.o
                0x08001f18                BusFault_Handler
 .text.UsageFault_Handler
                0x08001f20        0x8 ./Core/Src/stm32l1xx_it.o
                0x08001f20                UsageFault_Handler
 .text.DebugMon_Handler
                0x08001f28        0xc ./Core/Src/stm32l1xx_it.o
                0x08001f28                DebugMon_Handler
 .text.TIM2_IRQHandler
                0x08001f34       0x14 ./Core/Src/stm32l1xx_it.o
                0x08001f34                TIM2_IRQHandler
 .text.SystemInit
                0x08001f48        0xc ./Core/Src/system_stm32l1xx.o
                0x08001f48                SystemInit
 .text.Reset_Handler
                0x08001f54       0x48 ./Core/Startup/startup_stm32l152retx.o
                0x08001f54                Reset_Handler
 .text.Default_Handler
                0x08001f9c        0x2 ./Core/Startup/startup_stm32l152retx.o
                0x08001f9c                RTC_Alarm_IRQHandler
                0x08001f9c                EXTI2_IRQHandler
                0x08001f9c                COMP_ACQ_IRQHandler
                0x08001f9c                TIM10_IRQHandler
                0x08001f9c                USB_HP_IRQHandler
                0x08001f9c                TIM6_IRQHandler
                0x08001f9c                PVD_IRQHandler
                0x08001f9c                EXTI3_IRQHandler
                0x08001f9c                EXTI0_IRQHandler
                0x08001f9c                I2C2_EV_IRQHandler
                0x08001f9c                SPI1_IRQHandler
                0x08001f9c                USB_FS_WKUP_IRQHandler
                0x08001f9c                DMA2_Channel2_IRQHandler
                0x08001f9c                DMA1_Channel4_IRQHandler
                0x08001f9c                ADC1_IRQHandler
                0x08001f9c                USART3_IRQHandler
                0x08001f9c                DMA1_Channel7_IRQHandler
                0x08001f9c                LCD_IRQHandler
                0x08001f9c                UART5_IRQHandler
                0x08001f9c                TIM4_IRQHandler
                0x08001f9c                DMA2_Channel1_IRQHandler
                0x08001f9c                I2C1_EV_IRQHandler
                0x08001f9c                DMA1_Channel6_IRQHandler
                0x08001f9c                UART4_IRQHandler
                0x08001f9c                DMA2_Channel4_IRQHandler
                0x08001f9c                TIM3_IRQHandler
                0x08001f9c                RCC_IRQHandler
                0x08001f9c                DMA1_Channel1_IRQHandler
                0x08001f9c                Default_Handler
                0x08001f9c                EXTI15_10_IRQHandler
                0x08001f9c                TIM7_IRQHandler
                0x08001f9c                TIM5_IRQHandler
                0x08001f9c                EXTI9_5_IRQHandler
                0x08001f9c                TIM9_IRQHandler
                0x08001f9c                TAMPER_STAMP_IRQHandler
                0x08001f9c                RTC_WKUP_IRQHandler
                0x08001f9c                SPI2_IRQHandler
                0x08001f9c                DMA2_Channel5_IRQHandler
                0x08001f9c                DMA1_Channel5_IRQHandler
                0x08001f9c                USB_LP_IRQHandler
                0x08001f9c                EXTI4_IRQHandler
                0x08001f9c                DMA1_Channel3_IRQHandler
                0x08001f9c                COMP_IRQHandler
                0x08001f9c                WWDG_IRQHandler
                0x08001f9c                DAC_IRQHandler
                0x08001f9c                EXTI1_IRQHandler
                0x08001f9c                TIM11_IRQHandler
                0x08001f9c                USART2_IRQHandler
                0x08001f9c                I2C2_ER_IRQHandler
                0x08001f9c                DMA1_Channel2_IRQHandler
                0x08001f9c                FLASH_IRQHandler
                0x08001f9c                USART1_IRQHandler
                0x08001f9c                SPI3_IRQHandler
                0x08001f9c                I2C1_ER_IRQHandler
                0x08001f9c                DMA2_Channel3_IRQHandler
 .text.HAL_Init
                0x08001f9e       0x30 ./Drivers/STM32L1xx_HAL_Driver/Src/stm32l1xx_hal.o
                0x08001f9e                HAL_Init
 *fill*         0x08001fce        0x2 
 .text.HAL_GetTick
                0x08001fd0       0x14 ./Drivers/STM32L1xx_HAL_Driver/Src/stm32l1xx_hal.o
                0x08001fd0                HAL_GetTick
 .text.HAL_Delay
                0x08001fe4       0x44 ./Drivers/STM32L1xx_HAL_Driver/Src/stm32l1xx_hal.o
                0x08001fe4                HAL_Delay
 .text.HAL_ADC_Init
                0x08002028      0x28c ./Drivers/STM32L1xx_HAL_Driver/Src/stm32l1xx_hal_adc.o
                0x08002028                HAL_ADC_Init
 .text.HAL_ADC_Start
                0x080022b4       0xc0 ./Drivers/STM32L1xx_HAL_Driver/Src/stm32l1xx_hal_adc.o
                0x080022b4                HAL_ADC_Start
 .text.HAL_ADC_Stop
                0x08002374       0x58 ./Drivers/STM32L1xx_HAL_Driver/Src/stm32l1xx_hal_adc.o
                0x08002374                HAL_ADC_Stop
 .text.HAL_ADC_PollForConversion
                0x080023cc      0x120 ./Drivers/STM32L1xx_HAL_Driver/Src/stm32l1xx_hal_adc.o
                0x080023cc                HAL_ADC_PollForConversion
 .text.HAL_ADC_GetValue
                0x080024ec       0x18 ./Drivers/STM32L1xx_HAL_Driver/Src/stm32l1xx_hal_adc.o
                0x080024ec                HAL_ADC_GetValue
 .text.HAL_ADC_ConfigChannel
                0x08002504      0x2d8 ./Drivers/STM32L1xx_HAL_Driver/Src/stm32l1xx_hal_adc.o
                0x08002504                HAL_ADC_ConfigChannel
 .text.ADC_Enable
                0x080027dc       0xb8 ./Drivers/STM32L1xx_HAL_Driver/Src/stm32l1xx_hal_adc.o
                0x080027dc                ADC_Enable
 .text.ADC_ConversionStop_Disable
                0x08002894       0x82 ./Drivers/STM32L1xx_HAL_Driver/Src/stm32l1xx_hal_adc.o
                0x08002894                ADC_ConversionStop_Disable
 *fill*         0x08002916        0x2 
 .text.__NVIC_SetPriorityGrouping
                0x08002918       0x48 ./Drivers/STM32L1xx_HAL_Driver/Src/stm32l1xx_hal_cortex.o
 .text.__NVIC_GetPriorityGrouping
                0x08002960       0x1c ./Drivers/STM32L1xx_HAL_Driver/Src/stm32l1xx_hal_cortex.o
 .text.__NVIC_EnableIRQ
                0x0800297c       0x38 ./Drivers/STM32L1xx_HAL_Driver/Src/stm32l1xx_hal_cortex.o
 .text.__NVIC_SetPriority
                0x080029b4       0x54 ./Drivers/STM32L1xx_HAL_Driver/Src/stm32l1xx_hal_cortex.o
 .text.NVIC_EncodePriority
                0x08002a08       0x64 ./Drivers/STM32L1xx_HAL_Driver/Src/stm32l1xx_hal_cortex.o
 .text.HAL_NVIC_SetPriorityGrouping
                0x08002a6c       0x16 ./Drivers/STM32L1xx_HAL_Driver/Src/stm32l1xx_hal_cortex.o
                0x08002a6c                HAL_NVIC_SetPriorityGrouping
 .text.HAL_NVIC_SetPriority
                0x08002a82       0x38 ./Drivers/STM32L1xx_HAL_Driver/Src/stm32l1xx_hal_cortex.o
                0x08002a82                HAL_NVIC_SetPriority
 .text.HAL_NVIC_EnableIRQ
                0x08002aba       0x1c ./Drivers/STM32L1xx_HAL_Driver/Src/stm32l1xx_hal_cortex.o
                0x08002aba                HAL_NVIC_EnableIRQ
 *fill*         0x08002ad6        0x2 
 .text.HAL_GPIO_Init
                0x08002ad8      0x320 ./Drivers/STM32L1xx_HAL_Driver/Src/stm32l1xx_hal_gpio.o
                0x08002ad8                HAL_GPIO_Init
 .text.HAL_GPIO_ReadPin
                0x08002df8       0x2e ./Drivers/STM32L1xx_HAL_Driver/Src/stm32l1xx_hal_gpio.o
                0x08002df8                HAL_GPIO_ReadPin
 .text.HAL_GPIO_WritePin
                0x08002e26       0x30 ./Drivers/STM32L1xx_HAL_Driver/Src/stm32l1xx_hal_gpio.o
                0x08002e26                HAL_GPIO_WritePin
 .text.HAL_GPIO_TogglePin
                0x08002e56       0x32 ./Drivers/STM32L1xx_HAL_Driver/Src/stm32l1xx_hal_gpio.o
                0x08002e56                HAL_GPIO_TogglePin
 .text.HAL_RCC_OscConfig
                0x08002e88      0x660 ./Drivers/STM32L1xx_HAL_Driver/Src/stm32l1xx_hal_rcc.o
                0x08002e88                HAL_RCC_OscConfig
 .text.HAL_RCC_ClockConfig
                0x080034e8      0x268 ./Drivers/STM32L1xx_HAL_Driver/Src/stm32l1xx_hal_rcc.o
                0x080034e8                HAL_RCC_ClockConfig
 .text.HAL_RCC_GetSysClockFreq
                0x08003750      0x17c ./Drivers/STM32L1xx_HAL_Driver/Src/stm32l1xx_hal_rcc.o
                0x08003750                HAL_RCC_GetSysClockFreq
 .text.HAL_RCC_GetHCLKFreq
                0x080038cc       0x14 ./Drivers/STM32L1xx_HAL_Driver/Src/stm32l1xx_hal_rcc.o
                0x080038cc                HAL_RCC_GetHCLKFreq
 .text.HAL_RCC_GetPCLK1Freq
                0x080038e0       0x28 ./Drivers/STM32L1xx_HAL_Driver/Src/stm32l1xx_hal_rcc.o
                0x080038e0                HAL_RCC_GetPCLK1Freq
 .text.HAL_RCC_GetPCLK2Freq
                0x08003908       0x28 ./Drivers/STM32L1xx_HAL_Driver/Src/stm32l1xx_hal_rcc.o
                0x08003908                HAL_RCC_GetPCLK2Freq
 .text.HAL_RCC_GetClockConfig
                0x08003930       0x60 ./Drivers/STM32L1xx_HAL_Driver/Src/stm32l1xx_hal_rcc.o
                0x08003930                HAL_RCC_GetClockConfig
 .text.RCC_SetFlashLatencyFromMSIRange
                0x08003990       0xc0 ./Drivers/STM32L1xx_HAL_Driver/Src/stm32l1xx_hal_rcc.o
 .text.HAL_TIM_Base_Init
                0x08003a50       0x7e ./Drivers/STM32L1xx_HAL_Driver/Src/stm32l1xx_hal_tim.o
                0x08003a50                HAL_TIM_Base_Init
 .text.HAL_TIM_Base_MspInit
                0x08003ace       0x12 ./Drivers/STM32L1xx_HAL_Driver/Src/stm32l1xx_hal_tim.o
                0x08003ace                HAL_TIM_Base_MspInit
 .text.HAL_TIM_Base_Start_IT
                0x08003ae0       0xa4 ./Drivers/STM32L1xx_HAL_Driver/Src/stm32l1xx_hal_tim.o
                0x08003ae0                HAL_TIM_Base_Start_IT
 .text.HAL_TIM_IRQHandler
                0x08003b84      0x198 ./Drivers/STM32L1xx_HAL_Driver/Src/stm32l1xx_hal_tim.o
                0x08003b84                HAL_TIM_IRQHandler
 .text.HAL_TIM_PeriodElapsedCallback
                0x08003d1c       0x12 ./Drivers/STM32L1xx_HAL_Driver/Src/stm32l1xx_hal_tim.o
                0x08003d1c                HAL_TIM_PeriodElapsedCallback
 .text.HAL_TIM_OC_DelayElapsedCallback
                0x08003d2e       0x12 ./Drivers/STM32L1xx_HAL_Driver/Src/stm32l1xx_hal_tim.o
                0x08003d2e                HAL_TIM_OC_DelayElapsedCallback
 .text.HAL_TIM_IC_CaptureCallback
                0x08003d40       0x12 ./Drivers/STM32L1xx_HAL_Driver/Src/stm32l1xx_hal_tim.o
                0x08003d40                HAL_TIM_IC_CaptureCallback
 .text.HAL_TIM_PWM_PulseFinishedCallback
                0x08003d52       0x12 ./Drivers/STM32L1xx_HAL_Driver/Src/stm32l1xx_hal_tim.o
                0x08003d52                HAL_TIM_PWM_PulseFinishedCallback
 .text.HAL_TIM_TriggerCallback
                0x08003d64       0x12 ./Drivers/STM32L1xx_HAL_Driver/Src/stm32l1xx_hal_tim.o
                0x08003d64                HAL_TIM_TriggerCallback
 *fill*         0x08003d76        0x2 
 .text.TIM_Base_SetConfig
                0x08003d78       0xec ./Drivers/STM32L1xx_HAL_Driver/Src/stm32l1xx_hal_tim.o
 .text.HAL_UART_Init
                0x08003e64       0xa0 ./Drivers/STM32L1xx_HAL_Driver/Src/stm32l1xx_hal_uart.o
                0x08003e64                HAL_UART_Init
 .text.HAL_UART_Transmit
                0x08003f04      0x116 ./Drivers/STM32L1xx_HAL_Driver/Src/stm32l1xx_hal_uart.o
                0x08003f04                HAL_UART_Transmit
 .text.HAL_UART_Receive
                0x0800401a      0x12e ./Drivers/STM32L1xx_HAL_Driver/Src/stm32l1xx_hal_uart.o
                0x0800401a                HAL_UART_Receive
 .text.UART_WaitOnFlagUntilTimeout
                0x08004148       0xb2 ./Drivers/STM32L1xx_HAL_Driver/Src/stm32l1xx_hal_uart.o
 .text.UART_EndRxTransfer
                0x080041fa       0xc4 ./Drivers/STM32L1xx_HAL_Driver/Src/stm32l1xx_hal_uart.o
 *fill*         0x080042be        0x2 
 .text.UART_SetConfig
                0x080042c0      0x1c8 ./Drivers/STM32L1xx_HAL_Driver/Src/stm32l1xx_hal_uart.o
 .text.makeFreeRtosPriority
                0x08004488       0x2e ./Middlewares/Third_Party/FreeRTOS/Source/CMSIS_RTOS/cmsis_os.o
 .text.inHandlerMode
                0x080044b6       0x22 ./Middlewares/Third_Party/FreeRTOS/Source/CMSIS_RTOS/cmsis_os.o
 .text.osKernelStart
                0x080044d8        0xe ./Middlewares/Third_Party/FreeRTOS/Source/CMSIS_RTOS/cmsis_os.o
                0x080044d8                osKernelStart
 .text.osThreadCreate
                0x080044e6       0x98 ./Middlewares/Third_Party/FreeRTOS/Source/CMSIS_RTOS/cmsis_os.o
                0x080044e6                osThreadCreate
 .text.osDelay  0x0800457e       0x28 ./Middlewares/Third_Party/FreeRTOS/Source/CMSIS_RTOS/cmsis_os.o
                0x0800457e                osDelay
 .text.osMutexCreate
                0x080045a6       0x30 ./Middlewares/Third_Party/FreeRTOS/Source/CMSIS_RTOS/cmsis_os.o
                0x080045a6                osMutexCreate
 *fill*         0x080045d6        0x2 
 .text.osMutexWait
                0x080045d8       0x9c ./Middlewares/Third_Party/FreeRTOS/Source/CMSIS_RTOS/cmsis_os.o
                0x080045d8                osMutexWait
 .text.osMutexRelease
                0x08004674       0x6c ./Middlewares/Third_Party/FreeRTOS/Source/CMSIS_RTOS/cmsis_os.o
                0x08004674                osMutexRelease
 .text.vListInitialise
                0x080046e0       0x3e ./Middlewares/Third_Party/FreeRTOS/Source/list.o
                0x080046e0                vListInitialise
 .text.vListInitialiseItem
                0x0800471e       0x18 ./Middlewares/Third_Party/FreeRTOS/Source/list.o
                0x0800471e                vListInitialiseItem
 .text.vListInsertEnd
                0x08004736       0x46 ./Middlewares/Third_Party/FreeRTOS/Source/list.o
                0x08004736                vListInsertEnd
 .text.vListInsert
                0x0800477c       0x70 ./Middlewares/Third_Party/FreeRTOS/Source/list.o
                0x0800477c                vListInsert
 .text.uxListRemove
                0x080047ec       0x52 ./Middlewares/Third_Party/FreeRTOS/Source/list.o
                0x080047ec                uxListRemove
 *fill*         0x0800483e        0x2 
 .text.xQueueGenericReset
                0x08004840       0xd4 ./Middlewares/Third_Party/FreeRTOS/Source/queue.o
                0x08004840                xQueueGenericReset
 .text.xQueueGenericCreateStatic
                0x08004914       0xf8 ./Middlewares/Third_Party/FreeRTOS/Source/queue.o
                0x08004914                xQueueGenericCreateStatic
 .text.xQueueGenericCreate
                0x08004a0c       0x7e ./Middlewares/Third_Party/FreeRTOS/Source/queue.o
                0x08004a0c                xQueueGenericCreate
 .text.prvInitialiseNewQueue
                0x08004a8a       0x3e ./Middlewares/Third_Party/FreeRTOS/Source/queue.o
 .text.prvInitialiseMutex
                0x08004ac8       0x34 ./Middlewares/Third_Party/FreeRTOS/Source/queue.o
 .text.xQueueCreateMutex
                0x08004afc       0x30 ./Middlewares/Third_Party/FreeRTOS/Source/queue.o
                0x08004afc                xQueueCreateMutex
 .text.xQueueCreateMutexStatic
                0x08004b2c       0x36 ./Middlewares/Third_Party/FreeRTOS/Source/queue.o
                0x08004b2c                xQueueCreateMutexStatic
 *fill*         0x08004b62        0x2 
 .text.xQueueGenericSend
                0x08004b64      0x204 ./Middlewares/Third_Party/FreeRTOS/Source/queue.o
                0x08004b64                xQueueGenericSend
 .text.xQueueGiveFromISR
                0x08004d68      0x120 ./Middlewares/Third_Party/FreeRTOS/Source/queue.o
                0x08004d68                xQueueGiveFromISR
 .text.xQueueSemaphoreTake
                0x08004e88      0x220 ./Middlewares/Third_Party/FreeRTOS/Source/queue.o
                0x08004e88                xQueueSemaphoreTake
 .text.xQueueReceiveFromISR
                0x080050a8      0x104 ./Middlewares/Third_Party/FreeRTOS/Source/queue.o
                0x080050a8                xQueueReceiveFromISR
 .text.prvGetDisinheritPriorityAfterTimeout
                0x080051ac       0x2e ./Middlewares/Third_Party/FreeRTOS/Source/queue.o
 .text.prvCopyDataToQueue
                0x080051da       0xd4 ./Middlewares/Third_Party/FreeRTOS/Source/queue.o
 .text.prvCopyDataFromQueue
                0x080052ae       0x4c ./Middlewares/Third_Party/FreeRTOS/Source/queue.o
 .text.prvUnlockQueue
                0x080052fa       0xa4 ./Middlewares/Third_Party/FreeRTOS/Source/queue.o
 .text.prvIsQueueEmpty
                0x0800539e       0x2c ./Middlewares/Third_Party/FreeRTOS/Source/queue.o
 .text.prvIsQueueFull
                0x080053ca       0x30 ./Middlewares/Third_Party/FreeRTOS/Source/queue.o
 .text.xTaskCreateStatic
                0x080053fa       0xbe ./Middlewares/Third_Party/FreeRTOS/Source/tasks.o
                0x080053fa                xTaskCreateStatic
 .text.xTaskCreate
                0x080054b8       0x8a ./Middlewares/Third_Party/FreeRTOS/Source/tasks.o
                0x080054b8                xTaskCreate
 .text.prvInitialiseNewTask
                0x08005542      0x100 ./Middlewares/Third_Party/FreeRTOS/Source/tasks.o
 *fill*         0x08005642        0x2 
 .text.prvAddNewTaskToReadyList
                0x08005644       0xd4 ./Middlewares/Third_Party/FreeRTOS/Source/tasks.o
 .text.vTaskDelay
                0x08005718       0x6c ./Middlewares/Third_Party/FreeRTOS/Source/tasks.o
                0x08005718                vTaskDelay
 .text.vTaskStartScheduler
                0x08005784       0xc4 ./Middlewares/Third_Party/FreeRTOS/Source/tasks.o
                0x08005784                vTaskStartScheduler
 .text.vTaskSuspendAll
                0x08005848       0x1c ./Middlewares/Third_Party/FreeRTOS/Source/tasks.o
                0x08005848                vTaskSuspendAll
 .text.xTaskResumeAll
                0x08005864      0x13c ./Middlewares/Third_Party/FreeRTOS/Source/tasks.o
                0x08005864                xTaskResumeAll
 .text.xTaskIncrementTick
                0x080059a0      0x17c ./Middlewares/Third_Party/FreeRTOS/Source/tasks.o
                0x080059a0                xTaskIncrementTick
 .text.vTaskSwitchContext
                0x08005b1c       0xb8 ./Middlewares/Third_Party/FreeRTOS/Source/tasks.o
                0x08005b1c                vTaskSwitchContext
 .text.vTaskPlaceOnEventList
                0x08005bd4       0x4c ./Middlewares/Third_Party/FreeRTOS/Source/tasks.o
                0x08005bd4                vTaskPlaceOnEventList
 .text.xTaskRemoveFromEventList
                0x08005c20       0xc8 ./Middlewares/Third_Party/FreeRTOS/Source/tasks.o
                0x08005c20                xTaskRemoveFromEventList
 .text.vTaskInternalSetTimeOutState
                0x08005ce8       0x2c ./Middlewares/Third_Party/FreeRTOS/Source/tasks.o
                0x08005ce8                vTaskInternalSetTimeOutState
 .text.xTaskCheckForTimeOut
                0x08005d14       0xc8 ./Middlewares/Third_Party/FreeRTOS/Source/tasks.o
                0x08005d14                xTaskCheckForTimeOut
 .text.vTaskMissedYield
                0x08005ddc       0x18 ./Middlewares/Third_Party/FreeRTOS/Source/tasks.o
                0x08005ddc                vTaskMissedYield
 .text.prvIdleTask
                0x08005df4       0x30 ./Middlewares/Third_Party/FreeRTOS/Source/tasks.o
 .text.prvInitialiseTaskLists
                0x08005e24       0x80 ./Middlewares/Third_Party/FreeRTOS/Source/tasks.o
 .text.prvCheckTasksWaitingTermination
                0x08005ea4       0x5c ./Middlewares/Third_Party/FreeRTOS/Source/tasks.o
 .text.prvDeleteTCB
                0x08005f00       0x60 ./Middlewares/Third_Party/FreeRTOS/Source/tasks.o
 .text.prvResetNextTaskUnblockTime
                0x08005f60       0x48 ./Middlewares/Third_Party/FreeRTOS/Source/tasks.o
 .text.xTaskGetSchedulerState
                0x08005fa8       0x3c ./Middlewares/Third_Party/FreeRTOS/Source/tasks.o
                0x08005fa8                xTaskGetSchedulerState
 .text.xTaskPriorityInherit
                0x08005fe4      0x10c ./Middlewares/Third_Party/FreeRTOS/Source/tasks.o
                0x08005fe4                xTaskPriorityInherit
 .text.xTaskPriorityDisinherit
                0x080060f0      0x110 ./Middlewares/Third_Party/FreeRTOS/Source/tasks.o
                0x080060f0                xTaskPriorityDisinherit
 .text.vTaskPriorityDisinheritAfterTimeout
                0x08006200      0x144 ./Middlewares/Third_Party/FreeRTOS/Source/tasks.o
                0x08006200                vTaskPriorityDisinheritAfterTimeout
 .text.pvTaskIncrementMutexHeldCount
                0x08006344       0x28 ./Middlewares/Third_Party/FreeRTOS/Source/tasks.o
                0x08006344                pvTaskIncrementMutexHeldCount
 .text.prvAddCurrentTaskToDelayedList
                0x0800636c       0xcc ./Middlewares/Third_Party/FreeRTOS/Source/tasks.o
 .text.pxPortInitialiseStack
                0x08006438       0x58 ./Middlewares/Third_Party/FreeRTOS/Source/portable/GCC/ARM_CM3/port.o
                0x08006438                pxPortInitialiseStack
 .text.prvTaskExitError
                0x08006490       0x58 ./Middlewares/Third_Party/FreeRTOS/Source/portable/GCC/ARM_CM3/port.o
 *fill*         0x080064e8        0x8 
 .text.SVC_Handler
                0x080064f0       0x28 ./Middlewares/Third_Party/FreeRTOS/Source/portable/GCC/ARM_CM3/port.o
                0x080064f0                SVC_Handler
 .text.prvPortStartFirstTask
                0x08006518       0x20 ./Middlewares/Third_Party/FreeRTOS/Source/portable/GCC/ARM_CM3/port.o
 .text.xPortStartScheduler
                0x08006538       0xe4 ./Middlewares/Third_Party/FreeRTOS/Source/portable/GCC/ARM_CM3/port.o
                0x08006538                xPortStartScheduler
 .text.vPortEnterCritical
                0x0800661c       0x60 ./Middlewares/Third_Party/FreeRTOS/Source/portable/GCC/ARM_CM3/port.o
                0x0800661c                vPortEnterCritical
 .text.vPortExitCritical
                0x0800667c       0x54 ./Middlewares/Third_Party/FreeRTOS/Source/portable/GCC/ARM_CM3/port.o
                0x0800667c                vPortExitCritical
 .text.PendSV_Handler
                0x080066d0       0x48 ./Middlewares/Third_Party/FreeRTOS/Source/portable/GCC/ARM_CM3/port.o
                0x080066d0                PendSV_Handler
 .text.SysTick_Handler
                0x08006718       0x44 ./Middlewares/Third_Party/FreeRTOS/Source/portable/GCC/ARM_CM3/port.o
                0x08006718                SysTick_Handler
 .text.vPortSetupTimerInterrupt
                0x0800675c       0x44 ./Middlewares/Third_Party/FreeRTOS/Source/portable/GCC/ARM_CM3/port.o
                0x0800675c                vPortSetupTimerInterrupt
 .text.vPortValidateInterruptPriority
                0x080067a0       0x80 ./Middlewares/Third_Party/FreeRTOS/Source/portable/GCC/ARM_CM3/port.o
                0x080067a0                vPortValidateInterruptPriority
 .text.pvPortMalloc
                0x08006820      0x190 ./Middlewares/Third_Party/FreeRTOS/Source/portable/MemMang/heap_4.o
                0x08006820                pvPortMalloc
 .text.vPortFree
                0x080069b0       0xb8 ./Middlewares/Third_Party/FreeRTOS/Source/portable/MemMang/heap_4.o
                0x080069b0                vPortFree
 .text.prvHeapInit
                0x08006a68       0xc4 ./Middlewares/Third_Party/FreeRTOS/Source/portable/MemMang/heap_4.o
 .text.prvInsertBlockIntoFreeList
                0x08006b2c       0xb0 ./Middlewares/Third_Party/FreeRTOS/Source/portable/MemMang/heap_4.o
 .text.memset   0x08006bdc       0x10 C:/ST/STM32CubeIDE_1.18.0/STM32CubeIDE/plugins/com.st.stm32cube.ide.mcu.externaltools.gnu-tools-for-stm32.13.3.rel1.win32_1.0.0.202411081344/tools/bin/../lib/gcc/arm-none-eabi/13.3.1/../../../../arm-none-eabi/lib/thumb/v7-m/nofp\libc_nano.a(libc_a-memset.o)
                0x08006bdc                memset
 .text.strcat   0x08006bec       0x1e C:/ST/STM32CubeIDE_1.18.0/STM32CubeIDE/plugins/com.st.stm32cube.ide.mcu.externaltools.gnu-tools-for-stm32.13.3.rel1.win32_1.0.0.202411081344/tools/bin/../lib/gcc/arm-none-eabi/13.3.1/../../../../arm-none-eabi/lib/thumb/v7-m/nofp\libc_nano.a(libc_a-strcat.o)
                0x08006bec                strcat
 *fill*         0x08006c0a        0x2 
 .text.__libc_init_array
                0x08006c0c       0x48 C:/ST/STM32CubeIDE_1.18.0/STM32CubeIDE/plugins/com.st.stm32cube.ide.mcu.externaltools.gnu-tools-for-stm32.13.3.rel1.win32_1.0.0.202411081344/tools/bin/../lib/gcc/arm-none-eabi/13.3.1/../../../../arm-none-eabi/lib/thumb/v7-m/nofp\libc_nano.a(libc_a-init.o)
                0x08006c0c                __libc_init_array
 .text.memcpy   0x08006c54       0x1c C:/ST/STM32CubeIDE_1.18.0/STM32CubeIDE/plugins/com.st.stm32cube.ide.mcu.externaltools.gnu-tools-for-stm32.13.3.rel1.win32_1.0.0.202411081344/tools/bin/../lib/gcc/arm-none-eabi/13.3.1/../../../../arm-none-eabi/lib/thumb/v7-m/nofp\libc_nano.a(libc_a-memcpy-stub.o)
                0x08006c54                memcpy
 *(.glue_7)
 .glue_7        0x08006c70        0x0 linker stubs
 *(.glue_7t)
 .glue_7t       0x08006c70        0x0 linker stubs
 *(.eh_frame)
 .eh_frame      0x08006c70        0x0 C:/ST/STM32CubeIDE_1.18.0/STM32CubeIDE/plugins/com.st.stm32cube.ide.mcu.externaltools.gnu-tools-for-stm32.13.3.rel1.win32_1.0.0.202411081344/tools/bin/../lib/gcc/arm-none-eabi/13.3.1/thumb/v7-m/nofp/crtbegin.o
 *(.init)
 .init          0x08006c70        0x4 C:/ST/STM32CubeIDE_1.18.0/STM32CubeIDE/plugins/com.st.stm32cube.ide.mcu.externaltools.gnu-tools-for-stm32.13.3.rel1.win32_1.0.0.202411081344/tools/bin/../lib/gcc/arm-none-eabi/13.3.1/thumb/v7-m/nofp/crti.o
                0x08006c70                _init
 .init          0x08006c74        0x8 C:/ST/STM32CubeIDE_1.18.0/STM32CubeIDE/plugins/com.st.stm32cube.ide.mcu.externaltools.gnu-tools-for-stm32.13.3.rel1.win32_1.0.0.202411081344/tools/bin/../lib/gcc/arm-none-eabi/13.3.1/thumb/v7-m/nofp/crtn.o
 *(.fini)
 .fini          0x08006c7c        0x4 C:/ST/STM32CubeIDE_1.18.0/STM32CubeIDE/plugins/com.st.stm32cube.ide.mcu.externaltools.gnu-tools-for-stm32.13.3.rel1.win32_1.0.0.202411081344/tools/bin/../lib/gcc/arm-none-eabi/13.3.1/thumb/v7-m/nofp/crti.o
                0x08006c7c                _fini
 .fini          0x08006c80        0x8 C:/ST/STM32CubeIDE_1.18.0/STM32CubeIDE/plugins/com.st.stm32cube.ide.mcu.externaltools.gnu-tools-for-stm32.13.3.rel1.win32_1.0.0.202411081344/tools/bin/../lib/gcc/arm-none-eabi/13.3.1/thumb/v7-m/nofp/crtn.o
                0x08006c88                        . = ALIGN (0x4)
                0x08006c88                        _etext = .

.vfp11_veneer   0x08006c88        0x0
 .vfp11_veneer  0x08006c88        0x0 linker stubs

.v4_bx          0x08006c88        0x0
 .v4_bx         0x08006c88        0x0 linker stubs

.iplt           0x08006c88        0x0
 .iplt          0x08006c88        0x0 C:/ST/STM32CubeIDE_1.18.0/STM32CubeIDE/plugins/com.st.stm32cube.ide.mcu.externaltools.gnu-tools-for-stm32.13.3.rel1.win32_1.0.0.202411081344/tools/bin/../lib/gcc/arm-none-eabi/13.3.1/thumb/v7-m/nofp/crtbegin.o

.rodata         0x08006c88      0x2b0
                0x08006c88                        . = ALIGN (0x4)
 *(.rodata)
 .rodata        0x08006c88       0x34 ./Core/Src/dht22.o
 .rodata        0x08006cbc      0x24e ./Core/Src/main.o
 *fill*         0x08006f0a        0x2 
 .rodata        0x08006f0c        0x5 ./Middlewares/Third_Party/FreeRTOS/Source/tasks.o
 *(.rodata*)
 *fill*         0x08006f11        0x3 
 .rodata.PLLMulTable
                0x08006f14        0x9 ./Core/Src/system_stm32l1xx.o
                0x08006f14                PLLMulTable
 *fill*         0x08006f1d        0x3 
 .rodata.AHBPrescTable
                0x08006f20       0x10 ./Core/Src/system_stm32l1xx.o
                0x08006f20                AHBPrescTable
 .rodata.APBPrescTable
                0x08006f30        0x8 ./Core/Src/system_stm32l1xx.o
                0x08006f30                APBPrescTable
                0x08006f38                        . = ALIGN (0x4)

.ARM.extab      0x08006f38        0x0
                0x08006f38                        . = ALIGN (0x4)
 *(.ARM.extab* .gnu.linkonce.armextab.*)
                0x08006f38                        . = ALIGN (0x4)

.ARM            0x08006f38        0x8
                0x08006f38                        . = ALIGN (0x4)
                0x08006f38                        __exidx_start = .
 *(.ARM.exidx*)
 .ARM.exidx     0x08006f38        0x8 C:/ST/STM32CubeIDE_1.18.0/STM32CubeIDE/plugins/com.st.stm32cube.ide.mcu.externaltools.gnu-tools-for-stm32.13.3.rel1.win32_1.0.0.202411081344/tools/bin/../lib/gcc/arm-none-eabi/13.3.1/../../../../arm-none-eabi/lib/thumb/v7-m/nofp\libc_nano.a(libc_a-strlen.o)
 .ARM.exidx     0x08006f40        0x0 C:/ST/STM32CubeIDE_1.18.0/STM32CubeIDE/plugins/com.st.stm32cube.ide.mcu.externaltools.gnu-tools-for-stm32.13.3.rel1.win32_1.0.0.202411081344/tools/bin/../lib/gcc/arm-none-eabi/13.3.1/thumb/v7-m/nofp\libgcc.a(_udivmoddi4.o)
                                  0x8 (size before relaxing)
                0x08006f40                        __exidx_end = .
                0x08006f40                        . = ALIGN (0x4)

.preinit_array  0x08006f40        0x0
                0x08006f40                        . = ALIGN (0x4)
                0x08006f40                        PROVIDE (__preinit_array_start = .)
 *(.preinit_array*)
                0x08006f40                        PROVIDE (__preinit_array_end = .)
                0x08006f40                        . = ALIGN (0x4)

.init_array     0x08006f40        0x4
                0x08006f40                        . = ALIGN (0x4)
                0x08006f40                        PROVIDE (__init_array_start = .)
 *(SORT_BY_NAME(.init_array.*))
 *(.init_array*)
 .init_array    0x08006f40        0x4 C:/ST/STM32CubeIDE_1.18.0/STM32CubeIDE/plugins/com.st.stm32cube.ide.mcu.externaltools.gnu-tools-for-stm32.13.3.rel1.win32_1.0.0.202411081344/tools/bin/../lib/gcc/arm-none-eabi/13.3.1/thumb/v7-m/nofp/crtbegin.o
                0x08006f44                        PROVIDE (__init_array_end = .)
                0x08006f44                        . = ALIGN (0x4)

.fini_array     0x08006f44        0x4
                0x08006f44                        . = ALIGN (0x4)
                [!provide]                        PROVIDE (__fini_array_start = .)
 *(SORT_BY_NAME(.fini_array.*))
 *(.fini_array*)
 .fini_array    0x08006f44        0x4 C:/ST/STM32CubeIDE_1.18.0/STM32CubeIDE/plugins/com.st.stm32cube.ide.mcu.externaltools.gnu-tools-for-stm32.13.3.rel1.win32_1.0.0.202411081344/tools/bin/../lib/gcc/arm-none-eabi/13.3.1/thumb/v7-m/nofp/crtbegin.o
                [!provide]                        PROVIDE (__fini_array_end = .)
                0x08006f48                        . = ALIGN (0x4)
                0x08006f48                        _sidata = LOADADDR (.data)

.rel.dyn        0x08006f48        0x0
 .rel.iplt      0x08006f48        0x0 C:/ST/STM32CubeIDE_1.18.0/STM32CubeIDE/plugins/com.st.stm32cube.ide.mcu.externaltools.gnu-tools-for-stm32.13.3.rel1.win32_1.0.0.202411081344/tools/bin/../lib/gcc/arm-none-eabi/13.3.1/thumb/v7-m/nofp/crtbegin.o

.data           0x20000000       0x14 load address 0x08006f48
                0x20000000                        . = ALIGN (0x4)
                0x20000000                        _sdata = .
 *(.data)
 *(.data*)
 .data.ph       0x20000000        0x4 ./Core/Src/main.o
                0x20000000                ph
 .data.SystemCoreClock
                0x20000004        0x4 ./Core/Src/system_stm32l1xx.o
                0x20000004                SystemCoreClock
 .data.uwTickPrio
                0x20000008        0x4 ./Drivers/STM32L1xx_HAL_Driver/Src/stm32l1xx_hal.o
                0x20000008                uwTickPrio
 .data.uwTickFreq
                0x2000000c        0x4 ./Drivers/STM32L1xx_HAL_Driver/Src/stm32l1xx_hal.o
                0x2000000c                uwTickFreq
 .data.uxCriticalNesting
                0x20000010        0x4 ./Middlewares/Third_Party/FreeRTOS/Source/portable/GCC/ARM_CM3/port.o
 *(.RamFunc)
 *(.RamFunc*)
                0x20000014                        . = ALIGN (0x4)
                0x20000014                        _edata = .

.igot.plt       0x20000014        0x0 load address 0x08006f5c
 .igot.plt      0x20000014        0x0 C:/ST/STM32CubeIDE_1.18.0/STM32CubeIDE/plugins/com.st.stm32cube.ide.mcu.externaltools.gnu-tools-for-stm32.13.3.rel1.win32_1.0.0.202411081344/tools/bin/../lib/gcc/arm-none-eabi/13.3.1/thumb/v7-m/nofp/crtbegin.o
                0x20000014                        . = ALIGN (0x4)

.bss            0x20000014     0x4574 load address 0x08006f5c
                0x20000014                        _sbss = .
                0x20000014                        __bss_start__ = _sbss
 *(.bss)
 .bss           0x20000014       0x1c C:/ST/STM32CubeIDE_1.18.0/STM32CubeIDE/plugins/com.st.stm32cube.ide.mcu.externaltools.gnu-tools-for-stm32.13.3.rel1.win32_1.0.0.202411081344/tools/bin/../lib/gcc/arm-none-eabi/13.3.1/thumb/v7-m/nofp/crtbegin.o
 *(.bss*)
 .bss.xIdleTaskTCBBuffer
                0x20000030       0x54 ./Core/Src/freertos.o
 .bss.xIdleStack
                0x20000084      0x200 ./Core/Src/freertos.o
 .bss.hadc      0x20000284       0x54 ./Core/Src/main.o
                0x20000284                hadc
 .bss.huart2    0x200002d8       0x48 ./Core/Src/main.o
                0x200002d8                huart2
 .bss.defaultTaskHandle
                0x20000320        0x4 ./Core/Src/main.o
                0x20000320                defaultTaskHandle
 .bss.sensorTaskHandle
                0x20000324        0x4 ./Core/Src/main.o
                0x20000324                sensorTaskHandle
 .bss.alarmeTaskHandle
                0x20000328        0x4 ./Core/Src/main.o
                0x20000328                alarmeTaskHandle
 .bss.loggerTaskHandle
                0x2000032c        0x4 ./Core/Src/main.o
                0x2000032c                loggerTaskHandle
 .bss.cliTaskHandle
                0x20000330        0x4 ./Core/Src/main.o
                0x20000330                cliTaskHandle
 .bss.DHT22_Data
                0x20000334        0x8 ./Core/Src/main.o
                0x20000334                DHT22_Data
 .bss.led_status
                0x2000033c        0x1 ./Core/Src/main.o
                0x2000033c                led_status
 *fill*         0x2000033d        0x3 
 .bss.dataMutexHandle
                0x20000340        0x4 ./Core/Src/main.o
                0x20000340                dataMutexHandle
 .bss.uartMutexHandle
                0x20000344        0x4 ./Core/Src/main.o
                0x20000344                uartMutexHandle
 .bss.buffer    0x20000348       0x80 ./Core/Src/main.o
 .bss.tempStr   0x200003c8       0x10 ./Core/Src/main.o
 .bss.humStr    0x200003d8       0x10 ./Core/Src/main.o
 .bss.phStr     0x200003e8       0x10 ./Core/Src/main.o
 .bss.htim2     0x200003f8       0x40 ./Core/Src/stm32l1xx_hal_timebase_tim.o
                0x200003f8                htim2
 .bss.uwTick    0x20000438        0x4 ./Drivers/STM32L1xx_HAL_Driver/Src/stm32l1xx_hal.o
                0x20000438                uwTick
 .bss.pxCurrentTCB
                0x2000043c        0x4 ./Middlewares/Third_Party/FreeRTOS/Source/tasks.o
                0x2000043c                pxCurrentTCB
 .bss.pxReadyTasksLists
                0x20000440       0x8c ./Middlewares/Third_Party/FreeRTOS/Source/tasks.o
 .bss.xDelayedTaskList1
                0x200004cc       0x14 ./Middlewares/Third_Party/FreeRTOS/Source/tasks.o
 .bss.xDelayedTaskList2
                0x200004e0       0x14 ./Middlewares/Third_Party/FreeRTOS/Source/tasks.o
 .bss.pxDelayedTaskList
                0x200004f4        0x4 ./Middlewares/Third_Party/FreeRTOS/Source/tasks.o
 .bss.pxOverflowDelayedTaskList
                0x200004f8        0x4 ./Middlewares/Third_Party/FreeRTOS/Source/tasks.o
 .bss.xPendingReadyList
                0x200004fc       0x14 ./Middlewares/Third_Party/FreeRTOS/Source/tasks.o
 .bss.xTasksWaitingTermination
                0x20000510       0x14 ./Middlewares/Third_Party/FreeRTOS/Source/tasks.o
 .bss.uxDeletedTasksWaitingCleanUp
                0x20000524        0x4 ./Middlewares/Third_Party/FreeRTOS/Source/tasks.o
 .bss.xSuspendedTaskList
                0x20000528       0x14 ./Middlewares/Third_Party/FreeRTOS/Source/tasks.o
 .bss.uxCurrentNumberOfTasks
                0x2000053c        0x4 ./Middlewares/Third_Party/FreeRTOS/Source/tasks.o
 .bss.xTickCount
                0x20000540        0x4 ./Middlewares/Third_Party/FreeRTOS/Source/tasks.o
 .bss.uxTopReadyPriority
                0x20000544        0x4 ./Middlewares/Third_Party/FreeRTOS/Source/tasks.o
 .bss.xSchedulerRunning
                0x20000548        0x4 ./Middlewares/Third_Party/FreeRTOS/Source/tasks.o
 .bss.uxPendedTicks
                0x2000054c        0x4 ./Middlewares/Third_Party/FreeRTOS/Source/tasks.o
 .bss.xYieldPending
                0x20000550        0x4 ./Middlewares/Third_Party/FreeRTOS/Source/tasks.o
 .bss.xNumOfOverflows
                0x20000554        0x4 ./Middlewares/Third_Party/FreeRTOS/Source/tasks.o
 .bss.uxTaskNumber
                0x20000558        0x4 ./Middlewares/Third_Party/FreeRTOS/Source/tasks.o
 .bss.xNextTaskUnblockTime
                0x2000055c        0x4 ./Middlewares/Third_Party/FreeRTOS/Source/tasks.o
 .bss.xIdleTaskHandle
                0x20000560        0x4 ./Middlewares/Third_Party/FreeRTOS/Source/tasks.o
 .bss.uxSchedulerSuspended
                0x20000564        0x4 ./Middlewares/Third_Party/FreeRTOS/Source/tasks.o
 .bss.ucMaxSysCallPriority
                0x20000568        0x1 ./Middlewares/Third_Party/FreeRTOS/Source/portable/GCC/ARM_CM3/port.o
 *fill*         0x20000569        0x3 
 .bss.ulMaxPRIGROUPValue
                0x2000056c        0x4 ./Middlewares/Third_Party/FreeRTOS/Source/portable/GCC/ARM_CM3/port.o
 .bss.ucHeap    0x20000570     0x4000 ./Middlewares/Third_Party/FreeRTOS/Source/portable/MemMang/heap_4.o
 .bss.xStart    0x20004570        0x8 ./Middlewares/Third_Party/FreeRTOS/Source/portable/MemMang/heap_4.o
 .bss.pxEnd     0x20004578        0x4 ./Middlewares/Third_Party/FreeRTOS/Source/portable/MemMang/heap_4.o
 .bss.xFreeBytesRemaining
                0x2000457c        0x4 ./Middlewares/Third_Party/FreeRTOS/Source/portable/MemMang/heap_4.o
 .bss.xMinimumEverFreeBytesRemaining
                0x20004580        0x4 ./Middlewares/Third_Party/FreeRTOS/Source/portable/MemMang/heap_4.o
 .bss.xBlockAllocatedBit
                0x20004584        0x4 ./Middlewares/Third_Party/FreeRTOS/Source/portable/MemMang/heap_4.o
 *(COMMON)
                0x20004588                        . = ALIGN (0x4)
                0x20004588                        _ebss = .
                0x20004588                        __bss_end__ = _ebss

._user_heap_stack
                0x20004588      0x600 load address 0x08006f5c
                0x20004588                        . = ALIGN (0x8)
                0x20004588                        PROVIDE (end = .)
                0x20004588                        PROVIDE (_end = .)
                0x20004788                        . = (. + _Min_Heap_Size)
 *fill*         0x20004588      0x200 
                0x20004b88                        . = (. + _Min_Stack_Size)
 *fill*         0x20004788      0x400 
                0x20004b88                        . = ALIGN (0x8)

/DISCARD/
 libc.a(*)
 libm.a(*)
 libgcc.a(*)

.ARM.attributes
                0x00000000       0x29
 *(.ARM.attributes)
 .ARM.attributes
                0x00000000       0x1d C:/ST/STM32CubeIDE_1.18.0/STM32CubeIDE/plugins/com.st.stm32cube.ide.mcu.externaltools.gnu-tools-for-stm32.13.3.rel1.win32_1.0.0.202411081344/tools/bin/../lib/gcc/arm-none-eabi/13.3.1/thumb/v7-m/nofp/crti.o
 .ARM.attributes
                0x0000001d       0x2d C:/ST/STM32CubeIDE_1.18.0/STM32CubeIDE/plugins/com.st.stm32cube.ide.mcu.externaltools.gnu-tools-for-stm32.13.3.rel1.win32_1.0.0.202411081344/tools/bin/../lib/gcc/arm-none-eabi/13.3.1/thumb/v7-m/nofp/crtbegin.o
 .ARM.attributes
                0x0000004a       0x2d ./Core/Src/dht22.o
 .ARM.attributes
                0x00000077       0x2d ./Core/Src/freertos.o
 .ARM.attributes
                0x000000a4       0x2d ./Core/Src/main.o
 .ARM.attributes
                0x000000d1       0x2d ./Core/Src/stm32l1xx_hal_msp.o
 .ARM.attributes
                0x000000fe       0x2d ./Core/Src/stm32l1xx_hal_timebase_tim.o
 .ARM.attributes
                0x0000012b       0x2d ./Core/Src/stm32l1xx_it.o
 .ARM.attributes
                0x00000158       0x2d ./Core/Src/system_stm32l1xx.o
 .ARM.attributes
                0x00000185       0x21 ./Core/Startup/startup_stm32l152retx.o
 .ARM.attributes
                0x000001a6       0x2d ./Drivers/STM32L1xx_HAL_Driver/Src/stm32l1xx_hal.o
 .ARM.attributes
                0x000001d3       0x2d ./Drivers/STM32L1xx_HAL_Driver/Src/stm32l1xx_hal_adc.o
 .ARM.attributes
                0x00000200       0x2d ./Drivers/STM32L1xx_HAL_Driver/Src/stm32l1xx_hal_cortex.o
 .ARM.attributes
                0x0000022d       0x2d ./Drivers/STM32L1xx_HAL_Driver/Src/stm32l1xx_hal_gpio.o
 .ARM.attributes
                0x0000025a       0x2d ./Drivers/STM32L1xx_HAL_Driver/Src/stm32l1xx_hal_rcc.o
 .ARM.attributes
                0x00000287       0x2d ./Drivers/STM32L1xx_HAL_Driver/Src/stm32l1xx_hal_tim.o
 .ARM.attributes
                0x000002b4       0x2d ./Drivers/STM32L1xx_HAL_Driver/Src/stm32l1xx_hal_uart.o
 .ARM.attributes
                0x000002e1       0x2d ./Middlewares/Third_Party/FreeRTOS/Source/CMSIS_RTOS/cmsis_os.o
 .ARM.attributes
                0x0000030e       0x2d ./Middlewares/Third_Party/FreeRTOS/Source/list.o
 .ARM.attributes
                0x0000033b       0x2d ./Middlewares/Third_Party/FreeRTOS/Source/queue.o
 .ARM.attributes
                0x00000368       0x2d ./Middlewares/Third_Party/FreeRTOS/Source/tasks.o
 .ARM.attributes
                0x00000395       0x2d ./Middlewares/Third_Party/FreeRTOS/Source/portable/GCC/ARM_CM3/port.o
 .ARM.attributes
                0x000003c2       0x2d ./Middlewares/Third_Party/FreeRTOS/Source/portable/MemMang/heap_4.o
 .ARM.attributes
                0x000003ef       0x2d C:/ST/STM32CubeIDE_1.18.0/STM32CubeIDE/plugins/com.st.stm32cube.ide.mcu.externaltools.gnu-tools-for-stm32.13.3.rel1.win32_1.0.0.202411081344/tools/bin/../lib/gcc/arm-none-eabi/13.3.1/../../../../arm-none-eabi/lib/thumb/v7-m/nofp\libc_nano.a(libc_a-memset.o)
 .ARM.attributes
                0x0000041c       0x2d C:/ST/STM32CubeIDE_1.18.0/STM32CubeIDE/plugins/com.st.stm32cube.ide.mcu.externaltools.gnu-tools-for-stm32.13.3.rel1.win32_1.0.0.202411081344/tools/bin/../lib/gcc/arm-none-eabi/13.3.1/../../../../arm-none-eabi/lib/thumb/v7-m/nofp\libc_nano.a(libc_a-strcat.o)
 .ARM.attributes
                0x00000449       0x2d C:/ST/STM32CubeIDE_1.18.0/STM32CubeIDE/plugins/com.st.stm32cube.ide.mcu.externaltools.gnu-tools-for-stm32.13.3.rel1.win32_1.0.0.202411081344/tools/bin/../lib/gcc/arm-none-eabi/13.3.1/../../../../arm-none-eabi/lib/thumb/v7-m/nofp\libc_nano.a(libc_a-init.o)
 .ARM.attributes
                0x00000476       0x2d C:/ST/STM32CubeIDE_1.18.0/STM32CubeIDE/plugins/com.st.stm32cube.ide.mcu.externaltools.gnu-tools-for-stm32.13.3.rel1.win32_1.0.0.202411081344/tools/bin/../lib/gcc/arm-none-eabi/13.3.1/../../../../arm-none-eabi/lib/thumb/v7-m/nofp\libc_nano.a(libc_a-memcpy-stub.o)
 .ARM.attributes
                0x000004a3       0x17 C:/ST/STM32CubeIDE_1.18.0/STM32CubeIDE/plugins/com.st.stm32cube.ide.mcu.externaltools.gnu-tools-for-stm32.13.3.rel1.win32_1.0.0.202411081344/tools/bin/../lib/gcc/arm-none-eabi/13.3.1/../../../../arm-none-eabi/lib/thumb/v7-m/nofp\libc_nano.a(libc_a-strlen.o)
 .ARM.attributes
                0x000004ba       0x1d C:/ST/STM32CubeIDE_1.18.0/STM32CubeIDE/plugins/com.st.stm32cube.ide.mcu.externaltools.gnu-tools-for-stm32.13.3.rel1.win32_1.0.0.202411081344/tools/bin/../lib/gcc/arm-none-eabi/13.3.1/thumb/v7-m/nofp\libgcc.a(_arm_addsubsf3.o)
 .ARM.attributes
                0x000004d7       0x1d C:/ST/STM32CubeIDE_1.18.0/STM32CubeIDE/plugins/com.st.stm32cube.ide.mcu.externaltools.gnu-tools-for-stm32.13.3.rel1.win32_1.0.0.202411081344/tools/bin/../lib/gcc/arm-none-eabi/13.3.1/thumb/v7-m/nofp\libgcc.a(_arm_muldivsf3.o)
 .ARM.attributes
                0x000004f4       0x1d C:/ST/STM32CubeIDE_1.18.0/STM32CubeIDE/plugins/com.st.stm32cube.ide.mcu.externaltools.gnu-tools-for-stm32.13.3.rel1.win32_1.0.0.202411081344/tools/bin/../lib/gcc/arm-none-eabi/13.3.1/thumb/v7-m/nofp\libgcc.a(_arm_cmpsf2.o)
 .ARM.attributes
                0x00000511       0x1d C:/ST/STM32CubeIDE_1.18.0/STM32CubeIDE/plugins/com.st.stm32cube.ide.mcu.externaltools.gnu-tools-for-stm32.13.3.rel1.win32_1.0.0.202411081344/tools/bin/../lib/gcc/arm-none-eabi/13.3.1/thumb/v7-m/nofp\libgcc.a(_arm_fixsfsi.o)
 .ARM.attributes
                0x0000052e       0x1d C:/ST/STM32CubeIDE_1.18.0/STM32CubeIDE/plugins/com.st.stm32cube.ide.mcu.externaltools.gnu-tools-for-stm32.13.3.rel1.win32_1.0.0.202411081344/tools/bin/../lib/gcc/arm-none-eabi/13.3.1/thumb/v7-m/nofp\libgcc.a(_aeabi_uldivmod.o)
 .ARM.attributes
                0x0000054b       0x2d C:/ST/STM32CubeIDE_1.18.0/STM32CubeIDE/plugins/com.st.stm32cube.ide.mcu.externaltools.gnu-tools-for-stm32.13.3.rel1.win32_1.0.0.202411081344/tools/bin/../lib/gcc/arm-none-eabi/13.3.1/thumb/v7-m/nofp\libgcc.a(_udivmoddi4.o)
 .ARM.attributes
                0x00000578       0x1d C:/ST/STM32CubeIDE_1.18.0/STM32CubeIDE/plugins/com.st.stm32cube.ide.mcu.externaltools.gnu-tools-for-stm32.13.3.rel1.win32_1.0.0.202411081344/tools/bin/../lib/gcc/arm-none-eabi/13.3.1/thumb/v7-m/nofp\libgcc.a(_dvmd_tls.o)
 .ARM.attributes
                0x00000595       0x1d C:/ST/STM32CubeIDE_1.18.0/STM32CubeIDE/plugins/com.st.stm32cube.ide.mcu.externaltools.gnu-tools-for-stm32.13.3.rel1.win32_1.0.0.202411081344/tools/bin/../lib/gcc/arm-none-eabi/13.3.1/thumb/v7-m/nofp/crtn.o
OUTPUT(AmazonB.elf elf32-littlearm)
LOAD linker stubs
LOAD C:/ST/STM32CubeIDE_1.18.0/STM32CubeIDE/plugins/com.st.stm32cube.ide.mcu.externaltools.gnu-tools-for-stm32.13.3.rel1.win32_1.0.0.202411081344/tools/bin/../lib/gcc/arm-none-eabi/13.3.1/../../../../arm-none-eabi/lib/thumb/v7-m/nofp\libc.a
LOAD C:/ST/STM32CubeIDE_1.18.0/STM32CubeIDE/plugins/com.st.stm32cube.ide.mcu.externaltools.gnu-tools-for-stm32.13.3.rel1.win32_1.0.0.202411081344/tools/bin/../lib/gcc/arm-none-eabi/13.3.1/../../../../arm-none-eabi/lib/thumb/v7-m/nofp\libm.a
LOAD C:/ST/STM32CubeIDE_1.18.0/STM32CubeIDE/plugins/com.st.stm32cube.ide.mcu.externaltools.gnu-tools-for-stm32.13.3.rel1.win32_1.0.0.202411081344/tools/bin/../lib/gcc/arm-none-eabi/13.3.1/thumb/v7-m/nofp\libgcc.a

.debug_info     0x00000000    0x12f91
 .debug_info    0x00000000      0xaff ./Core/Src/dht22.o
 .debug_info    0x00000aff      0x279 ./Core/Src/freertos.o
 .debug_info    0x00000d78     0x2099 ./Core/Src/main.o
 .debug_info    0x00002e11      0xd03 ./Core/Src/stm32l1xx_hal_msp.o
 .debug_info    0x00003b14      0xa13 ./Core/Src/stm32l1xx_hal_timebase_tim.o
 .debug_info    0x00004527      0x64c ./Core/Src/stm32l1xx_it.o
 .debug_info    0x00004b73      0x27c ./Core/Src/system_stm32l1xx.o
 .debug_info    0x00004def       0x30 ./Core/Startup/startup_stm32l152retx.o
 .debug_info    0x00004e1f      0x6ef ./Drivers/STM32L1xx_HAL_Driver/Src/stm32l1xx_hal.o
 .debug_info    0x0000550e      0xe77 ./Drivers/STM32L1xx_HAL_Driver/Src/stm32l1xx_hal_adc.o
 .debug_info    0x00006385      0xce5 ./Drivers/STM32L1xx_HAL_Driver/Src/stm32l1xx_hal_cortex.o
 .debug_info    0x0000706a      0x5b2 ./Drivers/STM32L1xx_HAL_Driver/Src/stm32l1xx_hal_gpio.o
 .debug_info    0x0000761c      0x99b ./Drivers/STM32L1xx_HAL_Driver/Src/stm32l1xx_hal_rcc.o
 .debug_info    0x00007fb7     0x27cd ./Drivers/STM32L1xx_HAL_Driver/Src/stm32l1xx_hal_tim.o
 .debug_info    0x0000a784     0x2eef ./Drivers/STM32L1xx_HAL_Driver/Src/stm32l1xx_hal_uart.o
 .debug_info    0x0000d673     0x1b3d ./Middlewares/Third_Party/FreeRTOS/Source/CMSIS_RTOS/cmsis_os.o
 .debug_info    0x0000f1b0      0x2aa ./Middlewares/Third_Party/FreeRTOS/Source/list.o
 .debug_info    0x0000f45a     0x1722 ./Middlewares/Third_Party/FreeRTOS/Source/queue.o
 .debug_info    0x00010b7c     0x1bbe ./Middlewares/Third_Party/FreeRTOS/Source/tasks.o
 .debug_info    0x0001273a      0x494 ./Middlewares/Third_Party/FreeRTOS/Source/portable/GCC/ARM_CM3/port.o
 .debug_info    0x00012bce      0x3c3 ./Middlewares/Third_Party/FreeRTOS/Source/portable/MemMang/heap_4.o

.debug_abbrev   0x00000000     0x2f23
 .debug_abbrev  0x00000000      0x24e ./Core/Src/dht22.o
 .debug_abbrev  0x0000024e       0xd2 ./Core/Src/freertos.o
 .debug_abbrev  0x00000320      0x38b ./Core/Src/main.o
 .debug_abbrev  0x000006ab      0x1b2 ./Core/Src/stm32l1xx_hal_msp.o
 .debug_abbrev  0x0000085d      0x1f0 ./Core/Src/stm32l1xx_hal_timebase_tim.o
 .debug_abbrev  0x00000a4d      0x179 ./Core/Src/stm32l1xx_it.o
 .debug_abbrev  0x00000bc6      0x11c ./Core/Src/system_stm32l1xx.o
 .debug_abbrev  0x00000ce2       0x24 ./Core/Startup/startup_stm32l152retx.o
 .debug_abbrev  0x00000d06      0x275 ./Drivers/STM32L1xx_HAL_Driver/Src/stm32l1xx_hal.o
 .debug_abbrev  0x00000f7b      0x296 ./Drivers/STM32L1xx_HAL_Driver/Src/stm32l1xx_hal_adc.o
 .debug_abbrev  0x00001211      0x31c ./Drivers/STM32L1xx_HAL_Driver/Src/stm32l1xx_hal_cortex.o
 .debug_abbrev  0x0000152d      0x1d4 ./Drivers/STM32L1xx_HAL_Driver/Src/stm32l1xx_hal_gpio.o
 .debug_abbrev  0x00001701      0x2b8 ./Drivers/STM32L1xx_HAL_Driver/Src/stm32l1xx_hal_rcc.o
 .debug_abbrev  0x000019b9      0x25e ./Drivers/STM32L1xx_HAL_Driver/Src/stm32l1xx_hal_tim.o
 .debug_abbrev  0x00001c17      0x2f7 ./Drivers/STM32L1xx_HAL_Driver/Src/stm32l1xx_hal_uart.o
 .debug_abbrev  0x00001f0e      0x39e ./Middlewares/Third_Party/FreeRTOS/Source/CMSIS_RTOS/cmsis_os.o
 .debug_abbrev  0x000022ac       0xf5 ./Middlewares/Third_Party/FreeRTOS/Source/list.o
 .debug_abbrev  0x000023a1      0x3cd ./Middlewares/Third_Party/FreeRTOS/Source/queue.o
 .debug_abbrev  0x0000276e      0x358 ./Middlewares/Third_Party/FreeRTOS/Source/tasks.o
 .debug_abbrev  0x00002ac6      0x258 ./Middlewares/Third_Party/FreeRTOS/Source/portable/GCC/ARM_CM3/port.o
 .debug_abbrev  0x00002d1e      0x205 ./Middlewares/Third_Party/FreeRTOS/Source/portable/MemMang/heap_4.o

.debug_aranges  0x00000000     0x1140
 .debug_aranges
                0x00000000       0x48 ./Core/Src/dht22.o
 .debug_aranges
                0x00000048       0x20 ./Core/Src/freertos.o
 .debug_aranges
                0x00000068       0x80 ./Core/Src/main.o
 .debug_aranges
                0x000000e8       0x40 ./Core/Src/stm32l1xx_hal_msp.o
 .debug_aranges
                0x00000128       0x30 ./Core/Src/stm32l1xx_hal_timebase_tim.o
 .debug_aranges
                0x00000158       0x50 ./Core/Src/stm32l1xx_it.o
 .debug_aranges
                0x000001a8       0x28 ./Core/Src/system_stm32l1xx.o
 .debug_aranges
                0x000001d0       0x28 ./Core/Startup/startup_stm32l152retx.o
 .debug_aranges
                0x000001f8       0xe0 ./Drivers/STM32L1xx_HAL_Driver/Src/stm32l1xx_hal.o
 .debug_aranges
                0x000002d8       0xf0 ./Drivers/STM32L1xx_HAL_Driver/Src/stm32l1xx_hal_adc.o
 .debug_aranges
                0x000003c8      0x128 ./Drivers/STM32L1xx_HAL_Driver/Src/stm32l1xx_hal_cortex.o
 .debug_aranges
                0x000004f0       0x58 ./Drivers/STM32L1xx_HAL_Driver/Src/stm32l1xx_hal_gpio.o
 .debug_aranges
                0x00000548       0x90 ./Drivers/STM32L1xx_HAL_Driver/Src/stm32l1xx_hal_rcc.o
 .debug_aranges
                0x000005d8      0x3d0 ./Drivers/STM32L1xx_HAL_Driver/Src/stm32l1xx_hal_tim.o
 .debug_aranges
                0x000009a8      0x208 ./Drivers/STM32L1xx_HAL_Driver/Src/stm32l1xx_hal_uart.o
 .debug_aranges
                0x00000bb0      0x1d8 ./Middlewares/Third_Party/FreeRTOS/Source/CMSIS_RTOS/cmsis_os.o
 .debug_aranges
                0x00000d88       0x40 ./Middlewares/Third_Party/FreeRTOS/Source/list.o
 .debug_aranges
                0x00000dc8      0x108 ./Middlewares/Third_Party/FreeRTOS/Source/queue.o
 .debug_aranges
                0x00000ed0      0x1a8 ./Middlewares/Third_Party/FreeRTOS/Source/tasks.o
 .debug_aranges
                0x00001078       0x78 ./Middlewares/Third_Party/FreeRTOS/Source/portable/GCC/ARM_CM3/port.o
 .debug_aranges
                0x000010f0       0x50 ./Middlewares/Third_Party/FreeRTOS/Source/portable/MemMang/heap_4.o

.debug_rnglists
                0x00000000      0xd4f
 .debug_rnglists
                0x00000000       0x32 ./Core/Src/dht22.o
 .debug_rnglists
                0x00000032       0x13 ./Core/Src/freertos.o
 .debug_rnglists
                0x00000045       0x64 ./Core/Src/main.o
 .debug_rnglists
                0x000000a9       0x2d ./Core/Src/stm32l1xx_hal_msp.o
 .debug_rnglists
                0x000000d6       0x20 ./Core/Src/stm32l1xx_hal_timebase_tim.o
 .debug_rnglists
                0x000000f6       0x37 ./Core/Src/stm32l1xx_it.o
 .debug_rnglists
                0x0000012d       0x1a ./Core/Src/system_stm32l1xx.o
 .debug_rnglists
                0x00000147       0x19 ./Core/Startup/startup_stm32l152retx.o
 .debug_rnglists
                0x00000160       0xa3 ./Drivers/STM32L1xx_HAL_Driver/Src/stm32l1xx_hal.o
 .debug_rnglists
                0x00000203       0xbd ./Drivers/STM32L1xx_HAL_Driver/Src/stm32l1xx_hal_adc.o
 .debug_rnglists
                0x000002c0       0xd9 ./Drivers/STM32L1xx_HAL_Driver/Src/stm32l1xx_hal_cortex.o
 .debug_rnglists
                0x00000399       0x3f ./Drivers/STM32L1xx_HAL_Driver/Src/stm32l1xx_hal_gpio.o
 .debug_rnglists
                0x000003d8       0x6d ./Drivers/STM32L1xx_HAL_Driver/Src/stm32l1xx_hal_rcc.o
 .debug_rnglists
                0x00000445      0x307 ./Drivers/STM32L1xx_HAL_Driver/Src/stm32l1xx_hal_tim.o
 .debug_rnglists
                0x0000074c      0x1bc ./Drivers/STM32L1xx_HAL_Driver/Src/stm32l1xx_hal_uart.o
 .debug_rnglists
                0x00000908      0x16a ./Middlewares/Third_Party/FreeRTOS/Source/CMSIS_RTOS/cmsis_os.o
 .debug_rnglists
                0x00000a72       0x2b ./Middlewares/Third_Party/FreeRTOS/Source/list.o
 .debug_rnglists
                0x00000a9d       0xcd ./Middlewares/Third_Party/FreeRTOS/Source/queue.o
 .debug_rnglists
                0x00000b6a      0x153 ./Middlewares/Third_Party/FreeRTOS/Source/tasks.o
 .debug_rnglists
                0x00000cbd       0x57 ./Middlewares/Third_Party/FreeRTOS/Source/portable/GCC/ARM_CM3/port.o
 .debug_rnglists
                0x00000d14       0x3b ./Middlewares/Third_Party/FreeRTOS/Source/portable/MemMang/heap_4.o

.debug_macro    0x00000000    0x18b12
 .debug_macro   0x00000000      0x35e ./Core/Src/dht22.o
 .debug_macro   0x0000035e      0xacc ./Core/Src/dht22.o
 .debug_macro   0x00000e2a      0x115 ./Core/Src/dht22.o
 .debug_macro   0x00000f3f       0x2e ./Core/Src/dht22.o
 .debug_macro   0x00000f6d       0x22 ./Core/Src/dht22.o
 .debug_macro   0x00000f8f       0x22 ./Core/Src/dht22.o
 .debug_macro   0x00000fb1       0x8e ./Core/Src/dht22.o
 .debug_macro   0x0000103f       0x51 ./Core/Src/dht22.o
 .debug_macro   0x00001090      0x103 ./Core/Src/dht22.o
 .debug_macro   0x00001193       0x6a ./Core/Src/dht22.o
 .debug_macro   0x000011fd      0x1df ./Core/Src/dht22.o
 .debug_macro   0x000013dc       0x1c ./Core/Src/dht22.o
 .debug_macro   0x000013f8       0x22 ./Core/Src/dht22.o
 .debug_macro   0x0000141a       0xbd ./Core/Src/dht22.o
 .debug_macro   0x000014d7      0xe49 ./Core/Src/dht22.o
 .debug_macro   0x00002320      0x11f ./Core/Src/dht22.o
 .debug_macro   0x0000243f     0xb7a1 ./Core/Src/dht22.o
 .debug_macro   0x0000dbe0       0x6d ./Core/Src/dht22.o
 .debug_macro   0x0000dc4d     0x34e1 ./Core/Src/dht22.o
 .debug_macro   0x0001112e      0x190 ./Core/Src/dht22.o
 .debug_macro   0x000112be       0x5b ./Core/Src/dht22.o
 .debug_macro   0x00011319      0xe37 ./Core/Src/dht22.o
 .debug_macro   0x00012150      0x35b ./Core/Src/dht22.o
 .debug_macro   0x000124ab      0x1b8 ./Core/Src/dht22.o
 .debug_macro   0x00012663       0xc5 ./Core/Src/dht22.o
 .debug_macro   0x00012728      0x21e ./Core/Src/dht22.o
 .debug_macro   0x00012946      0x236 ./Core/Src/dht22.o
 .debug_macro   0x00012b7c      0x685 ./Core/Src/dht22.o
 .debug_macro   0x00013201      0x16b ./Core/Src/dht22.o
 .debug_macro   0x0001336c      0x115 ./Core/Src/dht22.o
 .debug_macro   0x00013481      0x567 ./Core/Src/dht22.o
 .debug_macro   0x000139e8      0x1e9 ./Core/Src/dht22.o
 .debug_macro   0x00013bd1       0x22 ./Core/Src/dht22.o
 .debug_macro   0x00013bf3      0x788 ./Core/Src/dht22.o
 .debug_macro   0x0001437b       0xac ./Core/Src/dht22.o
 .debug_macro   0x00014427      0x2aa ./Core/Src/dht22.o
 .debug_macro   0x000146d1      0x170 ./Core/Src/dht22.o
 .debug_macro   0x00014841      0x492 ./Core/Src/dht22.o
 .debug_macro   0x00014cd3       0xd6 ./Core/Src/dht22.o
 .debug_macro   0x00014da9      0x15a ./Core/Src/dht22.o
 .debug_macro   0x00014f03       0xd7 ./Core/Src/dht22.o
 .debug_macro   0x00014fda       0x10 ./Core/Src/dht22.o
 .debug_macro   0x00014fea       0x1f ./Core/Src/dht22.o
 .debug_macro   0x00015009      0x4b7 ./Core/Src/dht22.o
 .debug_macro   0x000154c0       0xb5 ./Core/Src/dht22.o
 .debug_macro   0x00015575       0x8c ./Core/Src/dht22.o
 .debug_macro   0x00015601       0x91 ./Core/Src/dht22.o
 .debug_macro   0x00015692       0x8d ./Core/Src/dht22.o
 .debug_macro   0x0001571f       0x7e ./Core/Src/dht22.o
 .debug_macro   0x0001579d       0x19 ./Core/Src/dht22.o
 .debug_macro   0x000157b6       0xf2 ./Core/Src/dht22.o
 .debug_macro   0x000158a8       0x61 ./Core/Src/dht22.o
 .debug_macro   0x00015909       0x24 ./Core/Src/dht22.o
 .debug_macro   0x0001592d       0x43 ./Core/Src/dht22.o
 .debug_macro   0x00015970       0x34 ./Core/Src/dht22.o
 .debug_macro   0x000159a4      0x370 ./Core/Src/dht22.o
 .debug_macro   0x00015d14       0x16 ./Core/Src/dht22.o
 .debug_macro   0x00015d2a       0x4a ./Core/Src/dht22.o
 .debug_macro   0x00015d74       0x34 ./Core/Src/dht22.o
 .debug_macro   0x00015da8       0x10 ./Core/Src/dht22.o
 .debug_macro   0x00015db8       0x58 ./Core/Src/dht22.o
 .debug_macro   0x00015e10       0x8e ./Core/Src/dht22.o
 .debug_macro   0x00015e9e       0x1c ./Core/Src/dht22.o
 .debug_macro   0x00015eba      0x185 ./Core/Src/dht22.o
 .debug_macro   0x0001603f       0x10 ./Core/Src/dht22.o
 .debug_macro   0x0001604f       0x3c ./Core/Src/dht22.o
 .debug_macro   0x0001608b       0x20 ./Core/Src/dht22.o
 .debug_macro   0x000160ab      0x235 ./Core/Src/freertos.o
 .debug_macro   0x000162e0       0xd6 ./Core/Src/freertos.o
 .debug_macro   0x000163b6      0x3f1 ./Core/Src/main.o
 .debug_macro   0x000167a7       0x16 ./Core/Src/main.o
 .debug_macro   0x000167bd       0x10 ./Core/Src/main.o
 .debug_macro   0x000167cd       0x16 ./Core/Src/main.o
 .debug_macro   0x000167e3       0x16 ./Core/Src/main.o
 .debug_macro   0x000167f9      0x146 ./Core/Src/main.o
 .debug_macro   0x0001693f       0x16 ./Core/Src/main.o
 .debug_macro   0x00016955      0x19b ./Core/Src/main.o
 .debug_macro   0x00016af0       0x16 ./Core/Src/main.o
 .debug_macro   0x00016b06       0x16 ./Core/Src/main.o
 .debug_macro   0x00016b1c       0x29 ./Core/Src/main.o
 .debug_macro   0x00016b45      0x1cd ./Core/Src/stm32l1xx_hal_msp.o
 .debug_macro   0x00016d12      0x1c3 ./Core/Src/stm32l1xx_hal_timebase_tim.o
 .debug_macro   0x00016ed5      0x1d7 ./Core/Src/stm32l1xx_it.o
 .debug_macro   0x000170ac      0x1c3 ./Core/Src/system_stm32l1xx.o
 .debug_macro   0x0001726f      0x1e7 ./Drivers/STM32L1xx_HAL_Driver/Src/stm32l1xx_hal.o
 .debug_macro   0x00017456      0x1e0 ./Drivers/STM32L1xx_HAL_Driver/Src/stm32l1xx_hal_adc.o
 .debug_macro   0x00017636      0x1c3 ./Drivers/STM32L1xx_HAL_Driver/Src/stm32l1xx_hal_cortex.o
 .debug_macro   0x000177f9      0x1ca ./Drivers/STM32L1xx_HAL_Driver/Src/stm32l1xx_hal_gpio.o
 .debug_macro   0x000179c3      0x1d5 ./Drivers/STM32L1xx_HAL_Driver/Src/stm32l1xx_hal_rcc.o
 .debug_macro   0x00017b98      0x1c4 ./Drivers/STM32L1xx_HAL_Driver/Src/stm32l1xx_hal_tim.o
 .debug_macro   0x00017d5c      0x1c4 ./Drivers/STM32L1xx_HAL_Driver/Src/stm32l1xx_hal_uart.o
 .debug_macro   0x00017f20      0x1fe ./Middlewares/Third_Party/FreeRTOS/Source/CMSIS_RTOS/cmsis_os.o
 .debug_macro   0x0001811e       0xab ./Middlewares/Third_Party/FreeRTOS/Source/CMSIS_RTOS/cmsis_os.o
 .debug_macro   0x000181c9      0x187 ./Middlewares/Third_Party/FreeRTOS/Source/list.o
 .debug_macro   0x00018350      0x212 ./Middlewares/Third_Party/FreeRTOS/Source/queue.o
 .debug_macro   0x00018562      0x280 ./Middlewares/Third_Party/FreeRTOS/Source/tasks.o
 .debug_macro   0x000187e2       0x10 ./Middlewares/Third_Party/FreeRTOS/Source/tasks.o
 .debug_macro   0x000187f2      0x172 ./Middlewares/Third_Party/FreeRTOS/Source/portable/GCC/ARM_CM3/port.o
 .debug_macro   0x00018964      0x1ae ./Middlewares/Third_Party/FreeRTOS/Source/portable/MemMang/heap_4.o

.debug_line     0x00000000    0x135d1
 .debug_line    0x00000000      0xc7c ./Core/Src/dht22.o
 .debug_line    0x00000c7c      0x85b ./Core/Src/freertos.o
 .debug_line    0x000014d7     0x1097 ./Core/Src/main.o
 .debug_line    0x0000256e      0x7f3 ./Core/Src/stm32l1xx_hal_msp.o
 .debug_line    0x00002d61      0x7d9 ./Core/Src/stm32l1xx_hal_timebase_tim.o
 .debug_line    0x0000353a      0x7e6 ./Core/Src/stm32l1xx_it.o
 .debug_line    0x00003d20      0x7fe ./Core/Src/system_stm32l1xx.o
 .debug_line    0x0000451e       0x79 ./Core/Startup/startup_stm32l152retx.o
 .debug_line    0x00004597      0xa29 ./Drivers/STM32L1xx_HAL_Driver/Src/stm32l1xx_hal.o
 .debug_line    0x00004fc0      0xffe ./Drivers/STM32L1xx_HAL_Driver/Src/stm32l1xx_hal_adc.o
 .debug_line    0x00005fbe      0xcf8 ./Drivers/STM32L1xx_HAL_Driver/Src/stm32l1xx_hal_cortex.o
 .debug_line    0x00006cb6      0xa6d ./Drivers/STM32L1xx_HAL_Driver/Src/stm32l1xx_hal_gpio.o
 .debug_line    0x00007723      0xfec ./Drivers/STM32L1xx_HAL_Driver/Src/stm32l1xx_hal_rcc.o
 .debug_line    0x0000870f     0x304e ./Drivers/STM32L1xx_HAL_Driver/Src/stm32l1xx_hal_tim.o
 .debug_line    0x0000b75d     0x257e ./Drivers/STM32L1xx_HAL_Driver/Src/stm32l1xx_hal_uart.o
 .debug_line    0x0000dcdb     0x12ff ./Middlewares/Third_Party/FreeRTOS/Source/CMSIS_RTOS/cmsis_os.o
 .debug_line    0x0000efda      0x78b ./Middlewares/Third_Party/FreeRTOS/Source/list.o
 .debug_line    0x0000f765     0x14cb ./Middlewares/Third_Party/FreeRTOS/Source/queue.o
 .debug_line    0x00010c30     0x18a7 ./Middlewares/Third_Party/FreeRTOS/Source/tasks.o
 .debug_line    0x000124d7      0x7be ./Middlewares/Third_Party/FreeRTOS/Source/portable/GCC/ARM_CM3/port.o
 .debug_line    0x00012c95      0x93c ./Middlewares/Third_Party/FreeRTOS/Source/portable/MemMang/heap_4.o

.debug_str      0x00000000    0x9c7d8
 .debug_str     0x00000000    0x9c7d8 ./Core/Src/dht22.o
                              0x959eb (size before relaxing)
 .debug_str     0x0009c7d8    0x90000 ./Core/Src/freertos.o
 .debug_str     0x0009c7d8    0x9757a ./Core/Src/main.o
 .debug_str     0x0009c7d8    0x8cf65 ./Core/Src/stm32l1xx_hal_msp.o
 .debug_str     0x0009c7d8    0x8ced6 ./Core/Src/stm32l1xx_hal_timebase_tim.o
 .debug_str     0x0009c7d8    0x8ca01 ./Core/Src/stm32l1xx_it.o
 .debug_str     0x0009c7d8    0x8c5a7 ./Core/Src/system_stm32l1xx.o
 .debug_str     0x0009c7d8       0x7f ./Core/Startup/startup_stm32l152retx.o
 .debug_str     0x0009c7d8    0x8cccf ./Drivers/STM32L1xx_HAL_Driver/Src/stm32l1xx_hal.o
 .debug_str     0x0009c7d8    0x8cd36 ./Drivers/STM32L1xx_HAL_Driver/Src/stm32l1xx_hal_adc.o
 .debug_str     0x0009c7d8    0x8cddb ./Drivers/STM32L1xx_HAL_Driver/Src/stm32l1xx_hal_cortex.o
 .debug_str     0x0009c7d8    0x8c73a ./Drivers/STM32L1xx_HAL_Driver/Src/stm32l1xx_hal_gpio.o
 .debug_str     0x0009c7d8    0x8ca63 ./Drivers/STM32L1xx_HAL_Driver/Src/stm32l1xx_hal_rcc.o
 .debug_str     0x0009c7d8    0x8d8aa ./Drivers/STM32L1xx_HAL_Driver/Src/stm32l1xx_hal_tim.o
 .debug_str     0x0009c7d8    0x8d00c ./Drivers/STM32L1xx_HAL_Driver/Src/stm32l1xx_hal_uart.o
 .debug_str     0x0009c7d8     0xe2a5 ./Middlewares/Third_Party/FreeRTOS/Source/CMSIS_RTOS/cmsis_os.o
 .debug_str     0x0009c7d8     0xa8bb ./Middlewares/Third_Party/FreeRTOS/Source/list.o
 .debug_str     0x0009c7d8     0xc109 ./Middlewares/Third_Party/FreeRTOS/Source/queue.o
 .debug_str     0x0009c7d8     0xcbad ./Middlewares/Third_Party/FreeRTOS/Source/tasks.o
 .debug_str     0x0009c7d8     0x828d ./Middlewares/Third_Party/FreeRTOS/Source/portable/GCC/ARM_CM3/port.o
 .debug_str     0x0009c7d8     0xb008 ./Middlewares/Third_Party/FreeRTOS/Source/portable/MemMang/heap_4.o

.comment        0x00000000       0x43
 .comment       0x00000000       0x43 ./Core/Src/dht22.o
                                 0x44 (size before relaxing)
 .comment       0x00000043       0x44 ./Core/Src/freertos.o
 .comment       0x00000043       0x44 ./Core/Src/main.o
 .comment       0x00000043       0x44 ./Core/Src/stm32l1xx_hal_msp.o
 .comment       0x00000043       0x44 ./Core/Src/stm32l1xx_hal_timebase_tim.o
 .comment       0x00000043       0x44 ./Core/Src/stm32l1xx_it.o
 .comment       0x00000043       0x44 ./Core/Src/system_stm32l1xx.o
 .comment       0x00000043       0x44 ./Drivers/STM32L1xx_HAL_Driver/Src/stm32l1xx_hal.o
 .comment       0x00000043       0x44 ./Drivers/STM32L1xx_HAL_Driver/Src/stm32l1xx_hal_adc.o
 .comment       0x00000043       0x44 ./Drivers/STM32L1xx_HAL_Driver/Src/stm32l1xx_hal_cortex.o
 .comment       0x00000043       0x44 ./Drivers/STM32L1xx_HAL_Driver/Src/stm32l1xx_hal_gpio.o
 .comment       0x00000043       0x44 ./Drivers/STM32L1xx_HAL_Driver/Src/stm32l1xx_hal_rcc.o
 .comment       0x00000043       0x44 ./Drivers/STM32L1xx_HAL_Driver/Src/stm32l1xx_hal_tim.o
 .comment       0x00000043       0x44 ./Drivers/STM32L1xx_HAL_Driver/Src/stm32l1xx_hal_uart.o
 .comment       0x00000043       0x44 ./Middlewares/Third_Party/FreeRTOS/Source/CMSIS_RTOS/cmsis_os.o
 .comment       0x00000043       0x44 ./Middlewares/Third_Party/FreeRTOS/Source/list.o
 .comment       0x00000043       0x44 ./Middlewares/Third_Party/FreeRTOS/Source/queue.o
 .comment       0x00000043       0x44 ./Middlewares/Third_Party/FreeRTOS/Source/tasks.o
 .comment       0x00000043       0x44 ./Middlewares/Third_Party/FreeRTOS/Source/portable/GCC/ARM_CM3/port.o
 .comment       0x00000043       0x44 ./Middlewares/Third_Party/FreeRTOS/Source/portable/MemMang/heap_4.o

.debug_frame    0x00000000     0x4970
 .debug_frame   0x00000000       0xf8 ./Core/Src/dht22.o
 .debug_frame   0x000000f8       0x38 ./Core/Src/freertos.o
 .debug_frame   0x00000130      0x1c4 ./Core/Src/main.o
 .debug_frame   0x000002f4       0xc4 ./Core/Src/stm32l1xx_hal_msp.o
 .debug_frame   0x000003b8       0x74 ./Core/Src/stm32l1xx_hal_timebase_tim.o
 .debug_frame   0x0000042c       0xc4 ./Core/Src/stm32l1xx_it.o
 .debug_frame   0x000004f0       0x58 ./Core/Src/system_stm32l1xx.o
 .debug_frame   0x00000548      0x33c ./Drivers/STM32L1xx_HAL_Driver/Src/stm32l1xx_hal.o
 .debug_frame   0x00000884      0x40c ./Drivers/STM32L1xx_HAL_Driver/Src/stm32l1xx_hal_adc.o
 .debug_frame   0x00000c90      0x4e8 ./Drivers/STM32L1xx_HAL_Driver/Src/stm32l1xx_hal_cortex.o
 .debug_frame   0x00001178      0x14c ./Drivers/STM32L1xx_HAL_Driver/Src/stm32l1xx_hal_gpio.o
 .debug_frame   0x000012c4      0x224 ./Drivers/STM32L1xx_HAL_Driver/Src/stm32l1xx_hal_rcc.o
 .debug_frame   0x000014e8     0x11b4 ./Drivers/STM32L1xx_HAL_Driver/Src/stm32l1xx_hal_tim.o
 .debug_frame   0x0000269c      0x944 ./Drivers/STM32L1xx_HAL_Driver/Src/stm32l1xx_hal_uart.o
 .debug_frame   0x00002fe0      0x80c ./Middlewares/Third_Party/FreeRTOS/Source/CMSIS_RTOS/cmsis_os.o
 .debug_frame   0x000037ec       0xd8 ./Middlewares/Third_Party/FreeRTOS/Source/list.o
 .debug_frame   0x000038c4      0x46c ./Middlewares/Third_Party/FreeRTOS/Source/queue.o
 .debug_frame   0x00003d30      0x734 ./Middlewares/Third_Party/FreeRTOS/Source/tasks.o
 .debug_frame   0x00004464      0x198 ./Middlewares/Third_Party/FreeRTOS/Source/portable/GCC/ARM_CM3/port.o
 .debug_frame   0x000045fc      0x108 ./Middlewares/Third_Party/FreeRTOS/Source/portable/MemMang/heap_4.o
 .debug_frame   0x00004704       0x20 C:/ST/STM32CubeIDE_1.18.0/STM32CubeIDE/plugins/com.st.stm32cube.ide.mcu.externaltools.gnu-tools-for-stm32.13.3.rel1.win32_1.0.0.202411081344/tools/bin/../lib/gcc/arm-none-eabi/13.3.1/../../../../arm-none-eabi/lib/thumb/v7-m/nofp\libc_nano.a(libc_a-memset.o)
 .debug_frame   0x00004724       0x28 C:/ST/STM32CubeIDE_1.18.0/STM32CubeIDE/plugins/com.st.stm32cube.ide.mcu.externaltools.gnu-tools-for-stm32.13.3.rel1.win32_1.0.0.202411081344/tools/bin/../lib/gcc/arm-none-eabi/13.3.1/../../../../arm-none-eabi/lib/thumb/v7-m/nofp\libc_nano.a(libc_a-strcat.o)
 .debug_frame   0x0000474c       0x2c C:/ST/STM32CubeIDE_1.18.0/STM32CubeIDE/plugins/com.st.stm32cube.ide.mcu.externaltools.gnu-tools-for-stm32.13.3.rel1.win32_1.0.0.202411081344/tools/bin/../lib/gcc/arm-none-eabi/13.3.1/../../../../arm-none-eabi/lib/thumb/v7-m/nofp\libc_nano.a(libc_a-init.o)
 .debug_frame   0x00004778       0x28 C:/ST/STM32CubeIDE_1.18.0/STM32CubeIDE/plugins/com.st.stm32cube.ide.mcu.externaltools.gnu-tools-for-stm32.13.3.rel1.win32_1.0.0.202411081344/tools/bin/../lib/gcc/arm-none-eabi/13.3.1/../../../../arm-none-eabi/lib/thumb/v7-m/nofp\libc_nano.a(libc_a-memcpy-stub.o)
 .debug_frame   0x000047a0       0x4c C:/ST/STM32CubeIDE_1.18.0/STM32CubeIDE/plugins/com.st.stm32cube.ide.mcu.externaltools.gnu-tools-for-stm32.13.3.rel1.win32_1.0.0.202411081344/tools/bin/../lib/gcc/arm-none-eabi/13.3.1/thumb/v7-m/nofp\libgcc.a(_arm_addsubsf3.o)
 .debug_frame   0x000047ec       0x38 C:/ST/STM32CubeIDE_1.18.0/STM32CubeIDE/plugins/com.st.stm32cube.ide.mcu.externaltools.gnu-tools-for-stm32.13.3.rel1.win32_1.0.0.202411081344/tools/bin/../lib/gcc/arm-none-eabi/13.3.1/thumb/v7-m/nofp\libgcc.a(_arm_muldivsf3.o)
 .debug_frame   0x00004824       0xc8 C:/ST/STM32CubeIDE_1.18.0/STM32CubeIDE/plugins/com.st.stm32cube.ide.mcu.externaltools.gnu-tools-for-stm32.13.3.rel1.win32_1.0.0.202411081344/tools/bin/../lib/gcc/arm-none-eabi/13.3.1/thumb/v7-m/nofp\libgcc.a(_arm_cmpsf2.o)
 .debug_frame   0x000048ec       0x24 C:/ST/STM32CubeIDE_1.18.0/STM32CubeIDE/plugins/com.st.stm32cube.ide.mcu.externaltools.gnu-tools-for-stm32.13.3.rel1.win32_1.0.0.202411081344/tools/bin/../lib/gcc/arm-none-eabi/13.3.1/thumb/v7-m/nofp\libgcc.a(_arm_fixsfsi.o)
 .debug_frame   0x00004910       0x2c C:/ST/STM32CubeIDE_1.18.0/STM32CubeIDE/plugins/com.st.stm32cube.ide.mcu.externaltools.gnu-tools-for-stm32.13.3.rel1.win32_1.0.0.202411081344/tools/bin/../lib/gcc/arm-none-eabi/13.3.1/thumb/v7-m/nofp\libgcc.a(_aeabi_uldivmod.o)
 .debug_frame   0x0000493c       0x34 C:/ST/STM32CubeIDE_1.18.0/STM32CubeIDE/plugins/com.st.stm32cube.ide.mcu.externaltools.gnu-tools-for-stm32.13.3.rel1.win32_1.0.0.202411081344/tools/bin/../lib/gcc/arm-none-eabi/13.3.1/thumb/v7-m/nofp\libgcc.a(_udivmoddi4.o)

.debug_line_str
                0x00000000       0x63
 .debug_line_str
                0x00000000       0x63 ./Core/Startup/startup_stm32l152retx.o
