../Drivers/STM32L1xx_HAL_Driver/Src/stm32l1xx_hal_adc.c:823:13:HAL_ADC_MspInit	0	static
../Drivers/STM32L1xx_HAL_Driver/Src/stm32l1xx_hal_adc.c:422:19:HAL_ADC_Init	24	static,ignoring_inline_asm
../Drivers/STM32L1xx_HAL_Driver/Src/stm32l1xx_hal_adc.c:838:13:HAL_ADC_MspDeInit	0	static
../Drivers/STM32L1xx_HAL_Driver/Src/stm32l1xx_hal_adc.c:1207:19:HAL_ADC_PollForConversion	16	static
../Drivers/STM32L1xx_HAL_Driver/Src/stm32l1xx_hal_adc.c:1304:19:HAL_ADC_PollForEvent	24	static
../Drivers/STM32L1xx_HAL_Driver/Src/stm32l1xx_hal_adc.c:1669:10:HAL_ADC_GetValue	0	static
../Drivers/STM32L1xx_HAL_Driver/Src/stm32l1xx_hal_adc.c:1844:13:HAL_ADC_ConvCpltCallback	0	static
../Drivers/STM32L1xx_HAL_Driver/Src/stm32l1xx_hal_adc.c:2299:13:ADC_DMAConvCplt	8	static
../Drivers/STM32L1xx_HAL_Driver/Src/stm32l1xx_hal_adc.c:1859:13:HAL_ADC_ConvHalfCpltCallback	0	static
../Drivers/STM32L1xx_HAL_Driver/Src/stm32l1xx_hal_adc.c:2355:13:ADC_DMAHalfConvCplt	8	static
../Drivers/STM32L1xx_HAL_Driver/Src/stm32l1xx_hal_adc.c:1874:13:HAL_ADC_LevelOutOfWindowCallback	0	static
../Drivers/STM32L1xx_HAL_Driver/Src/stm32l1xx_hal_adc.c:1896:13:HAL_ADC_ErrorCallback	0	static
../Drivers/STM32L1xx_HAL_Driver/Src/stm32l1xx_hal_adc.c:2373:13:ADC_DMAError	8	static
../Drivers/STM32L1xx_HAL_Driver/Src/stm32l1xx_hal_adc.c:1686:6:HAL_ADC_IRQHandler	16	static
../Drivers/STM32L1xx_HAL_Driver/Src/stm32l1xx_hal_adc.c:1945:19:HAL_ADC_ConfigChannel	24	static
../Drivers/STM32L1xx_HAL_Driver/Src/stm32l1xx_hal_adc.c:2070:19:HAL_ADC_AnalogWDGConfig	12	static
../Drivers/STM32L1xx_HAL_Driver/Src/stm32l1xx_hal_adc.c:2157:10:HAL_ADC_GetState	0	static
../Drivers/STM32L1xx_HAL_Driver/Src/stm32l1xx_hal_adc.c:2168:10:HAL_ADC_GetError	0	static
../Drivers/STM32L1xx_HAL_Driver/Src/stm32l1xx_hal_adc.c:2198:19:ADC_Enable	24	static
../Drivers/STM32L1xx_HAL_Driver/Src/stm32l1xx_hal_adc.c:1084:19:HAL_ADC_Start	8	static
../Drivers/STM32L1xx_HAL_Driver/Src/stm32l1xx_hal_adc.c:1378:19:HAL_ADC_Start_IT	8	static
../Drivers/STM32L1xx_HAL_Driver/Src/stm32l1xx_hal_adc.c:1500:19:HAL_ADC_Start_DMA	16	static
../Drivers/STM32L1xx_HAL_Driver/Src/stm32l1xx_hal_adc.c:2257:19:ADC_ConversionStop_Disable	16	static
../Drivers/STM32L1xx_HAL_Driver/Src/stm32l1xx_hal_adc.c:674:19:HAL_ADC_DeInit	16	static
../Drivers/STM32L1xx_HAL_Driver/Src/stm32l1xx_hal_adc.c:1159:19:HAL_ADC_Stop	8	static
../Drivers/STM32L1xx_HAL_Driver/Src/stm32l1xx_hal_adc.c:1454:19:HAL_ADC_Stop_IT	8	static
../Drivers/STM32L1xx_HAL_Driver/Src/stm32l1xx_hal_adc.c:1600:19:HAL_ADC_Stop_DMA	16	static
