../Core/Src/main.c:472:6:StartDefaultTask	0	static
../Core/Src/main.c:278:6:AlarmeTask	24	static
../Core/Src/main.c:216:6:SensorTask	32	static
../Core/Src/main.c:161:6:Error_Handler	8	static
../Core/Src/main.c:46:6:SystemClock_Config	88	static
../Core/Src/main.c:174:5:main	168	static
../Core/Src/main.c:305:6:floatToString	32	static
../Core/Src/main.c:346:6:LoggerTask	208	static
../Core/Src/main.c:392:6:CLITask	112	static
C:\ST\STM32CubeIDE_1.18.0\STM32CubeIDE\plugins\com.st.stm32cube.ide.mcu.externaltools.gnu-tools-for-stm32.13.3.rel1.win32_1.0.0.202411081344\tools\bin/../lib/gcc/arm-none-eabi/13.3.1/../../../../arm-none-eabi/include/stdio.h:220:5:fputc	16	static
